###############################################################################
#
# IAR ANSI C/C++ Compiler V8.40.2.214/W32 for ARM         17/May/2020  13:39:39
# Copyright 1999-2019 IAR Systems AB.
#
#    Cpu mode     =  
#    Endian       =  little
#    Source file  =
#        D:\kraizette\STD\VII-VIII\POIP\KURS\KURS\Kursovoy\Applications\Output\Display\Driver\Fonts\font12.c
#    Command line =
#        -f C:\Users\User\AppData\Local\Temp\EWA6F9.tmp
#        (D:\kraizette\STD\VII-VIII\POIP\KURS\KURS\Kursovoy\Applications\Output\Display\Driver\Fonts\font12.c
#        -lC D:\kraizette\STD\VII-VIII\POIP\KURS\KURS\Kursovoy\Debug\List -lA
#        D:\kraizette\STD\VII-VIII\POIP\KURS\KURS\Kursovoy\Debug\List -o
#        D:\kraizette\STD\VII-VIII\POIP\KURS\KURS\Kursovoy\Debug\Obj --no_cse
#        --no_unroll --no_inline --no_code_motion --no_tbaa --no_clustering
#        --no_scheduling --debug --endian=little --cpu=Cortex-M4 -e
#        --fpu=VFPv4_sp --dlib_config "C:\Programs\IAR
#        Arm\arm\inc\c\DLib_Config_Normal.h" -I
#        D:\kraizette\STD\VII-VIII\POIP\KURS\KURS\Kursovoy\Rtos\ -I
#        D:\kraizette\STD\VII-VIII\POIP\KURS\KURS\Kursovoy\Rtos\wrapper\ -I
#        D:\kraizette\STD\VII-VIII\POIP\KURS\KURS\Kursovoy\Rtos\wrapper\FreeRtos\
#        -I D:\kraizette\STD\VII-VIII\POIP\KURS\KURS\Kursovoy\Rtos\FreeRtos\ -I
#        D:\kraizette\STD\VII-VIII\POIP\KURS\KURS\Kursovoy\Rtos\FreeRtos\include\
#        -I
#        D:\kraizette\STD\VII-VIII\POIP\KURS\KURS\Kursovoy\Rtos\FreeRtos\portable\
#        -I
#        D:\kraizette\STD\VII-VIII\POIP\KURS\KURS\Kursovoy\Rtos\FreeRtos\portable\Common\
#        -I
#        D:\kraizette\STD\VII-VIII\POIP\KURS\KURS\Kursovoy\Rtos\FreeRtos\portable\IAR\
#        -I
#        D:\kraizette\STD\VII-VIII\POIP\KURS\KURS\Kursovoy\Rtos\FreeRtos\portable\IAR\ARM_CM4F\
#        -I
#        D:\kraizette\STD\VII-VIII\POIP\KURS\KURS\Kursovoy\Rtos\FreeRtos\portable\MemMang\
#        -I D:\kraizette\STD\VII-VIII\POIP\KURS\KURS\Kursovoy\MyTasks\ -I
#        D:\kraizette\STD\VII-VIII\POIP\KURS\KURS\Kursovoy\Common\ -I
#        D:\kraizette\STD\VII-VIII\POIP\KURS\KURS\Kursovoy\CMSIS\ -I
#        D:\kraizette\STD\VII-VIII\POIP\KURS\KURS\Kursovoy\Application\ -I
#        D:\kraizette\STD\VII-VIII\POIP\KURS\KURS\Kursovoy\Application\Diagnostic\
#        -I D:\kraizette\STD\VII-VIII\POIP\KURS\KURS\Kursovoy\AHardware\ -I
#        D:\kraizette\STD\VII-VIII\POIP\KURS\KURS\Kursovoy\AHardware\GpioPort\
#        -I
#        D:\kraizette\STD\VII-VIII\POIP\KURS\KURS\Kursovoy\AHardware\IrqController\
#        -I
#        D:\kraizette\STD\VII-VIII\POIP\KURS\KURS\Kursovoy\..\CortexLib\AbstractHardware\Pin\
#        -I
#        D:\kraizette\STD\VII-VIII\POIP\KURS\KURS\Kursovoy\..\CortexLib\AbstractHardware\Registers\STM32F411\FieldValues\
#        -I
#        D:\kraizette\STD\VII-VIII\POIP\KURS\KURS\Kursovoy\..\CortexLib\AbstractHardware\Registers\STM32F411\
#        -I
#        D:\kraizette\STD\VII-VIII\POIP\KURS\KURS\Kursovoy\..\CortexLib\AbstractHardware\Registers\
#        -I
#        D:\kraizette\STD\VII-VIII\POIP\KURS\KURS\Kursovoy\..\CortexLib\AbstractHardware\Port\
#        -I
#        D:\kraizette\STD\VII-VIII\POIP\KURS\KURS\Kursovoy\..\CortexLib\AbstractHardware\Atomic\
#        -I
#        D:\kraizette\STD\VII-VIII\POIP\KURS\KURS\Kursovoy\..\CortexLib\Common\
#        -I
#        D:\kraizette\STD\VII-VIII\POIP\KURS\KURS\Kursovoy\..\CortexLib\Common\Singleton\
#        -I D:\kraizette\STD\VII-VIII\POIP\KURS\KURS\Kursovoy\AbstractHardware\
#        -I
#        D:\kraizette\STD\VII-VIII\POIP\KURS\KURS\Kursovoy\AbstractHardware\SPI\
#        -I
#        D:\kraizette\STD\VII-VIII\POIP\KURS\KURS\Kursovoy\AbstractHardware\Pin\
#        -I
#        D:\kraizette\STD\VII-VIII\POIP\KURS\KURS\Kursovoy\AbstractHardware\USART\
#        -I D:\kraizette\STD\VII-VIII\POIP\KURS\KURS\Kursovoy\Applications\ -I
#        D:\kraizette\STD\VII-VIII\POIP\KURS\KURS\Kursovoy\Applications\Button\
#        -I
#        D:\kraizette\STD\VII-VIII\POIP\KURS\KURS\Kursovoy\Applications\Sensor\
#        -I
#        D:\kraizette\STD\VII-VIII\POIP\KURS\KURS\Kursovoy\Applications\Sensor\Driver\
#        -I
#        D:\kraizette\STD\VII-VIII\POIP\KURS\KURS\Kursovoy\Applications\Sensor\Variables\
#        -I
#        D:\kraizette\STD\VII-VIII\POIP\KURS\KURS\Kursovoy\Applications\Output\
#        -I
#        D:\kraizette\STD\VII-VIII\POIP\KURS\KURS\Kursovoy\Applications\Output\Display\
#        -I
#        D:\kraizette\STD\VII-VIII\POIP\KURS\KURS\Kursovoy\Applications\Output\Display\Driver\
#        -I
#        D:\kraizette\STD\VII-VIII\POIP\KURS\KURS\Kursovoy\Applications\Output\Format\
#        -I
#        D:\kraizette\STD\VII-VIII\POIP\KURS\KURS\Kursovoy\Applications\Output\Display\Driver\Fonts\
#        -I
#        D:\kraizette\STD\VII-VIII\POIP\KURS\KURS\Kursovoy\Applications\Output\BlueTooth\
#        -I
#        D:\kraizette\STD\VII-VIII\POIP\KURS\KURS\Kursovoy\Applications\Output\BlueTooth\Driver\
#        -Ol)
#    Locale       =  C
#    List file    =
#        D:\kraizette\STD\VII-VIII\POIP\KURS\KURS\Kursovoy\Debug\List\font12.lst
#    Object file  =
#        D:\kraizette\STD\VII-VIII\POIP\KURS\KURS\Kursovoy\Debug\Obj\font12.o
#
###############################################################################

D:\kraizette\STD\VII-VIII\POIP\KURS\KURS\Kursovoy\Applications\Output\Display\Driver\Fonts\font12.c
      1          /**
      2            ******************************************************************************
      3            * @file    Font12.c
      4            * @author  MCD Application Team
      5            * @version V1.0.0
      6            * @date    18-February-2014
      7            * @brief   This file provides text Font12 for STM32xx-EVAL's LCD driver. 
      8            ******************************************************************************
      9            * @attention
     10            *
     11            * <h2><center>&copy; COPYRIGHT(c) 2014 STMicroelectronics</center></h2>
     12            *
     13            * Redistribution and use in source and binary forms, with or without modification,
     14            * are permitted provided that the following conditions are met:
     15            *   1. Redistributions of source code must retain the above copyright notice,
     16            *      this list of conditions and the following disclaimer.
     17            *   2. Redistributions in binary form must reproduce the above copyright notice,
     18            *      this list of conditions and the following disclaimer in the documentation
     19            *      and/or other materials provided with the distribution.
     20            *   3. Neither the name of STMicroelectronics nor the names of its contributors
     21            *      may be used to endorse or promote products derived from this software
     22            *      without specific prior written permission.
     23            *
     24            * THIS SOFTWARE IS PROVIDED BY THE COPYRIGHT HOLDERS AND CONTRIBUTORS "AS IS"
     25            * AND ANY EXPRESS OR IMPLIED WARRANTIES, INCLUDING, BUT NOT LIMITED TO, THE
     26            * IMPLIED WARRANTIES OF MERCHANTABILITY AND FITNESS FOR A PARTICULAR PURPOSE ARE
     27            * DISCLAIMED. IN NO EVENT SHALL THE COPYRIGHT HOLDER OR CONTRIBUTORS BE LIABLE
     28            * FOR ANY DIRECT, INDIRECT, INCIDENTAL, SPECIAL, EXEMPLARY, OR CONSEQUENTIAL
     29            * DAMAGES (INCLUDING, BUT NOT LIMITED TO, PROCUREMENT OF SUBSTITUTE GOODS OR
     30            * SERVICES; LOSS OF USE, DATA, OR PROFITS; OR BUSINESS INTERRUPTION) HOWEVER
     31            * CAUSED AND ON ANY THEORY OF LIABILITY, WHETHER IN CONTRACT, STRICT LIABILITY,
     32            * OR TORT (INCLUDING NEGLIGENCE OR OTHERWISE) ARISING IN ANY WAY OUT OF THE USE
     33            * OF THIS SOFTWARE, EVEN IF ADVISED OF THE POSSIBILITY OF SUCH DAMAGE.
     34            *
     35            ******************************************************************************
     36            */
     37          
     38          /* Includes ------------------------------------------------------------------*/
     39          #include "fonts.h"
     40          
     41          // 
     42          //  Font data for Courier New 12pt
     43          // 
     44          

   \                                 In section .rodata, align 4
     45          const uint8_t Font12_Table[] = 
   \                     Font12_Table:
   \        0x0   0x00 0x00          DC8 0, 0, 0, 0, 0, 0, 0, 0, 0, 0, 0, 0, 0, 16, 16, 16, 16, 16, 0, 0, 16
   \              0x00 0x00    
   \              0x00 0x00    
   \              0x00 0x00    
   \              0x00 0x00    
   \              0x00 0x00    
   \              0x00 0x10    
   \              0x10 0x10    
   \              0x10 0x10    
   \              0x00 0x00    
   \              0x10         
   \       0x15   0x00 0x00          DC8 0, 0, 0, 0, 108, 72, 72, 0, 0, 0, 0, 0, 0, 0, 0, 0, 20, 20, 40, 124
   \              0x00 0x00    
   \              0x6C 0x48    
   \              0x48 0x00    
   \              0x00 0x00    
   \              0x00 0x00    
   \              0x00 0x00    
   \              0x00 0x00    
   \              0x14 0x14    
   \              0x28 0x7C    
   \       0x29   0x28 0x7C          DC8 40, 124, 40, 80, 80, 0, 0, 0, 16, 56, 64, 64, 56, 72, 112, 16, 16
   \              0x28 0x50    
   \              0x50 0x00    
   \              0x00 0x00    
   \              0x10 0x38    
   \              0x40 0x40    
   \              0x38 0x48    
   \              0x70 0x10    
   \              0x10         
   \       0x3A   0x00 0x00          DC8 0, 0, 0, 32, 80, 32, 12, 112, 8, 20, 8, 0, 0, 0, 0, 0, 0, 24, 32
   \              0x00 0x20    
   \              0x50 0x20    
   \              0x0C 0x70    
   \              0x08 0x14    
   \              0x08 0x00    
   \              0x00 0x00    
   \              0x00 0x00    
   \              0x00 0x18    
   \              0x20         
   \       0x4D   0x20 0x54          DC8 32, 84, 72, 52, 0, 0, 0, 0, 16, 16, 16, 16, 0, 0, 0, 0, 0, 0, 0, 0
   \              0x48 0x34    
   \              0x00 0x00    
   \              0x00 0x00    
   \              0x10 0x10    
   \              0x10 0x10    
   \              0x00 0x00    
   \              0x00 0x00    
   \              0x00 0x00    
   \              0x00 0x00    
   \       0x61   0x08 0x08          DC8 8, 8, 16, 16, 16, 16, 16, 16, 8, 8, 0, 0, 32, 32, 16, 16, 16, 16
   \              0x10 0x10    
   \              0x10 0x10    
   \              0x10 0x10    
   \              0x08 0x08    
   \              0x00 0x00    
   \              0x20 0x20    
   \              0x10 0x10    
   \              0x10 0x10    
   \       0x73   0x10 0x10          DC8 16, 16, 32, 32, 0, 0, 16, 124, 16, 40, 40, 0, 0, 0, 0, 0, 0, 0, 0
   \              0x20 0x20    
   \              0x00 0x00    
   \              0x10 0x7C    
   \              0x10 0x28    
   \              0x28 0x00    
   \              0x00 0x00    
   \              0x00 0x00    
   \              0x00 0x00    
   \              0x00         
   \       0x86   0x10 0x10          DC8 16, 16, 16, 254, 16, 16, 16, 0, 0, 0, 0, 0, 0, 0, 0, 0, 0, 24, 16
   \              0x10 0xFE    
   \              0x10 0x10    
   \              0x10 0x00    
   \              0x00 0x00    
   \              0x00 0x00    
   \              0x00 0x00    
   \              0x00 0x00    
   \              0x00 0x18    
   \              0x10         
   \       0x99   0x30 0x20          DC8 48, 32, 0, 0, 0, 0, 0, 0, 124, 0, 0, 0, 0, 0, 0, 0, 0, 0, 0, 0, 0
   \              0x00 0x00    
   \              0x00 0x00    
   \              0x00 0x00    
   \              0x7C 0x00    
   \              0x00 0x00    
   \              0x00 0x00    
   \              0x00 0x00    
   \              0x00 0x00    
   \              0x00 0x00    
   \              0x00         
   \       0xAE   0x00 0x30          DC8 0, 48, 48, 0, 0, 0, 0, 4, 4, 8, 8, 16, 16, 32, 32, 64, 0, 0, 0, 56
   \              0x30 0x00    
   \              0x00 0x00    
   \              0x00 0x04    
   \              0x04 0x08    
   \              0x08 0x10    
   \              0x10 0x20    
   \              0x20 0x40    
   \              0x00 0x00    
   \              0x00 0x38    
   \       0xC2   0x44 0x44          DC8 68, 68, 68, 68, 68, 68, 56, 0, 0, 0, 0, 48, 16, 16, 16, 16, 16, 16
   \              0x44 0x44    
   \              0x44 0x44    
   \              0x38 0x00    
   \              0x00 0x00    
   \              0x00 0x30    
   \              0x10 0x10    
   \              0x10 0x10    
   \              0x10 0x10    
   \       0xD4   0x7C 0x00          DC8 124, 0, 0, 0, 0, 56, 68, 4, 8, 16, 32, 68, 124, 0, 0, 0, 0, 56, 68
   \              0x00 0x00    
   \              0x00 0x38    
   \              0x44 0x04    
   \              0x08 0x10    
   \              0x20 0x44    
   \              0x7C 0x00    
   \              0x00 0x00    
   \              0x00 0x38    
   \              0x44         
   \       0xE7   0x04 0x18          DC8 4, 24, 4, 4, 68, 56, 0, 0, 0, 0, 12, 20, 20, 36, 68, 126, 4, 14, 0
   \              0x04 0x04    
   \              0x44 0x38    
   \              0x00 0x00    
   \              0x00 0x00    
   \              0x0C 0x14    
   \              0x14 0x24    
   \              0x44 0x7E    
   \              0x04 0x0E    
   \              0x00         
   \       0xFA   0x00 0x00          DC8 0, 0, 0, 60, 32, 32, 56, 4, 4, 68, 56, 0, 0, 0, 0, 28, 32, 64, 120
   \              0x00 0x3C    
   \              0x20 0x20    
   \              0x38 0x04    
   \              0x04 0x44    
   \              0x38 0x00    
   \              0x00 0x00    
   \              0x00 0x1C    
   \              0x20 0x40    
   \              0x78         
   \      0x10D   0x44 0x44          DC8 68, 68, 68, 56, 0, 0, 0, 0, 124, 68, 4, 8, 8, 8, 16, 16, 0, 0, 0, 0
   \              0x44 0x38    
   \              0x00 0x00    
   \              0x00 0x00    
   \              0x7C 0x44    
   \              0x04 0x08    
   \              0x08 0x08    
   \              0x10 0x10    
   \              0x00 0x00    
   \              0x00 0x00    
   \      0x121   0x38 0x44          DC8 56, 68, 68, 56, 68, 68, 68, 56, 0, 0, 0, 0, 56, 68, 68, 68, 60, 4
   \              0x44 0x38    
   \              0x44 0x44    
   \              0x44 0x38    
   \              0x00 0x00    
   \              0x00 0x00    
   \              0x38 0x44    
   \              0x44 0x44    
   \              0x3C 0x04    
   \      0x133   0x08 0x70          DC8 8, 112, 0, 0, 0, 0, 0, 0, 48, 48, 0, 0, 48, 48, 0, 0, 0, 0, 0, 0
   \              0x00 0x00    
   \              0x00 0x00    
   \              0x00 0x00    
   \              0x30 0x30    
   \              0x00 0x00    
   \              0x30 0x30    
   \              0x00 0x00    
   \              0x00 0x00    
   \              0x00 0x00    
   \      0x147   0x18 0x18          DC8 24, 24, 0, 0, 24, 48, 32, 0, 0, 0, 0, 12, 16, 96, 128, 96, 16, 12
   \              0x00 0x00    
   \              0x18 0x30    
   \              0x20 0x00    
   \              0x00 0x00    
   \              0x00 0x0C    
   \              0x10 0x60    
   \              0x80 0x60    
   \              0x10 0x0C    
   \      0x159   0x00 0x00          DC8 0, 0, 0, 0, 0, 0, 0, 124, 0, 124, 0, 0, 0, 0, 0, 0, 0, 192, 32, 24
   \              0x00 0x00    
   \              0x00 0x00    
   \              0x00 0x7C    
   \              0x00 0x7C    
   \              0x00 0x00    
   \              0x00 0x00    
   \              0x00 0x00    
   \              0x00 0xC0    
   \              0x20 0x18    
   \      0x16D   0x04 0x18          DC8 4, 24, 32, 192, 0, 0, 0, 0, 0, 24, 36, 4, 8, 16, 0, 48, 0, 0, 0, 56
   \              0x20 0xC0    
   \              0x00 0x00    
   \              0x00 0x00    
   \              0x00 0x18    
   \              0x24 0x04    
   \              0x08 0x10    
   \              0x00 0x30    
   \              0x00 0x00    
   \              0x00 0x38    
   \      0x181   0x44 0x44          DC8 68, 68, 76, 84, 84, 76, 64, 68, 56, 0, 0, 0, 48, 16, 40, 40, 40
   \              0x4C 0x54    
   \              0x54 0x4C    
   \              0x40 0x44    
   \              0x38 0x00    
   \              0x00 0x00    
   \              0x30 0x10    
   \              0x28 0x28    
   \              0x28         
   \      0x192   0x7C 0x44          DC8 124, 68, 238, 0, 0, 0, 0, 248, 68, 68, 120, 68, 68, 68, 248, 0, 0
   \              0xEE 0x00    
   \              0x00 0x00    
   \              0x00 0xF8    
   \              0x44 0x44    
   \              0x78 0x44    
   \              0x44 0x44    
   \              0xF8 0x00    
   \              0x00         
   \      0x1A3   0x00 0x00          DC8 0, 0, 60, 68, 64, 64, 64, 64, 68, 56, 0, 0, 0, 0, 240, 72, 68, 68
   \              0x3C 0x44    
   \              0x40 0x40    
   \              0x40 0x40    
   \              0x44 0x38    
   \              0x00 0x00    
   \              0x00 0x00    
   \              0xF0 0x48    
   \              0x44 0x44    
   \      0x1B5   0x44 0x44          DC8 68, 68, 72, 240, 0, 0, 0, 0, 252, 68, 80, 112, 80, 64, 68, 252, 0
   \              0x48 0xF0    
   \              0x00 0x00    
   \              0x00 0x00    
   \              0xFC 0x44    
   \              0x50 0x70    
   \              0x50 0x40    
   \              0x44 0xFC    
   \              0x00         
   \      0x1C6   0x00 0x00          DC8 0, 0, 0, 126, 34, 40, 56, 40, 32, 32, 112, 0, 0, 0, 0, 60, 68, 64
   \              0x00 0x7E    
   \              0x22 0x28    
   \              0x38 0x28    
   \              0x20 0x20    
   \              0x70 0x00    
   \              0x00 0x00    
   \              0x00 0x3C    
   \              0x44 0x40    
   \      0x1D8   0x40 0x4E          DC8 64, 78, 68, 68, 56, 0, 0, 0, 0, 238, 68, 68, 124, 68, 68, 68, 238
   \              0x44 0x44    
   \              0x38 0x00    
   \              0x00 0x00    
   \              0x00 0xEE    
   \              0x44 0x44    
   \              0x7C 0x44    
   \              0x44 0x44    
   \              0xEE         
   \      0x1E9   0x00 0x00          DC8 0, 0, 0, 0, 124, 16, 16, 16, 16, 16, 16, 124, 0, 0, 0, 0, 60, 8, 8
   \              0x00 0x00    
   \              0x7C 0x10    
   \              0x10 0x10    
   \              0x10 0x10    
   \              0x10 0x7C    
   \              0x00 0x00    
   \              0x00 0x00    
   \              0x3C 0x08    
   \              0x08         
   \      0x1FC   0x08 0x48          DC8 8, 72, 72, 72, 48, 0, 0, 0, 0, 238, 68, 72, 80, 112, 72, 68, 230, 0
   \              0x48 0x48    
   \              0x30 0x00    
   \              0x00 0x00    
   \              0x00 0xEE    
   \              0x44 0x48    
   \              0x50 0x70    
   \              0x48 0x44    
   \              0xE6 0x00    
   \      0x20E   0x00 0x00          DC8 0, 0, 0, 112, 32, 32, 32, 32, 36, 36, 124, 0, 0, 0, 0, 238, 108
   \              0x00 0x70    
   \              0x20 0x20    
   \              0x20 0x20    
   \              0x24 0x24    
   \              0x7C 0x00    
   \              0x00 0x00    
   \              0x00 0xEE    
   \              0x6C         
   \      0x21F   0x6C 0x54          DC8 108, 84, 84, 68, 68, 238, 0, 0, 0, 0, 238, 100, 100, 84, 84, 84, 76
   \              0x54 0x44    
   \              0x44 0xEE    
   \              0x00 0x00    
   \              0x00 0x00    
   \              0xEE 0x64    
   \              0x64 0x54    
   \              0x54 0x54    
   \              0x4C         
   \      0x230   0xEC 0x00          DC8 236, 0, 0, 0, 0, 56, 68, 68, 68, 68, 68, 68, 56, 0, 0, 0, 0, 120
   \              0x00 0x00    
   \              0x00 0x38    
   \              0x44 0x44    
   \              0x44 0x44    
   \              0x44 0x44    
   \              0x38 0x00    
   \              0x00 0x00    
   \              0x00 0x78    
   \      0x242   0x24 0x24          DC8 36, 36, 36, 56, 32, 32, 112, 0, 0, 0, 0, 56, 68, 68, 68, 68, 68, 68
   \              0x24 0x38    
   \              0x20 0x20    
   \              0x70 0x00    
   \              0x00 0x00    
   \              0x00 0x38    
   \              0x44 0x44    
   \              0x44 0x44    
   \              0x44 0x44    
   \      0x254   0x38 0x1C          DC8 56, 28, 0, 0, 0, 248, 68, 68, 68, 120, 72, 68, 226, 0, 0, 0, 0, 52
   \              0x00 0x00    
   \              0x00 0xF8    
   \              0x44 0x44    
   \              0x44 0x78    
   \              0x48 0x44    
   \              0xE2 0x00    
   \              0x00 0x00    
   \              0x00 0x34    
   \      0x266   0x4C 0x40          DC8 76, 64, 56, 4, 4, 100, 88, 0, 0, 0, 0, 254, 146, 16, 16, 16, 16, 16
   \              0x38 0x04    
   \              0x04 0x64    
   \              0x58 0x00    
   \              0x00 0x00    
   \              0x00 0xFE    
   \              0x92 0x10    
   \              0x10 0x10    
   \              0x10 0x10    
   \      0x278   0x38 0x00          DC8 56, 0, 0, 0, 0, 238, 68, 68, 68, 68, 68, 68, 56, 0, 0, 0, 0, 238
   \              0x00 0x00    
   \              0x00 0xEE    
   \              0x44 0x44    
   \              0x44 0x44    
   \              0x44 0x44    
   \              0x38 0x00    
   \              0x00 0x00    
   \              0x00 0xEE    
   \      0x28A   0x44 0x44          DC8 68, 68, 40, 40, 40, 16, 16, 0, 0, 0, 0, 238, 68, 68, 84, 84, 84, 84
   \              0x28 0x28    
   \              0x28 0x10    
   \              0x10 0x00    
   \              0x00 0x00    
   \              0x00 0xEE    
   \              0x44 0x44    
   \              0x54 0x54    
   \              0x54 0x54    
   \      0x29C   0x28 0x00          DC8 40, 0, 0, 0, 0, 198, 68, 40, 16, 16, 40, 68, 198, 0, 0, 0, 0, 238
   \              0x00 0x00    
   \              0x00 0xC6    
   \              0x44 0x28    
   \              0x10 0x10    
   \              0x28 0x44    
   \              0xC6 0x00    
   \              0x00 0x00    
   \              0x00 0xEE    
   \      0x2AE   0x44 0x28          DC8 68, 40, 40, 16, 16, 16, 56, 0, 0, 0, 0, 124, 68, 8, 16, 16, 32, 68
   \              0x28 0x10    
   \              0x10 0x10    
   \              0x38 0x00    
   \              0x00 0x00    
   \              0x00 0x7C    
   \              0x44 0x08    
   \              0x10 0x10    
   \              0x20 0x44    
   \      0x2C0   0x7C 0x00          DC8 124, 0, 0, 0, 0, 56, 32, 32, 32, 32, 32, 32, 32, 32, 56, 0, 0, 64
   \              0x00 0x00    
   \              0x00 0x38    
   \              0x20 0x20    
   \              0x20 0x20    
   \              0x20 0x20    
   \              0x20 0x20    
   \              0x38 0x00    
   \              0x00 0x40    
   \      0x2D2   0x20 0x20          DC8 32, 32, 32, 16, 16, 8, 8, 8, 0, 0, 0, 56, 8, 8, 8, 8, 8, 8, 8, 8
   \              0x20 0x10    
   \              0x10 0x08    
   \              0x08 0x08    
   \              0x00 0x00    
   \              0x00 0x38    
   \              0x08 0x08    
   \              0x08 0x08    
   \              0x08 0x08    
   \              0x08 0x08    
   \      0x2E6   0x38 0x00          DC8 56, 0, 0, 16, 16, 40, 68, 0, 0, 0, 0, 0, 0, 0, 0, 0, 0, 0, 0, 0, 0
   \              0x00 0x10    
   \              0x10 0x28    
   \              0x44 0x00    
   \              0x00 0x00    
   \              0x00 0x00    
   \              0x00 0x00    
   \              0x00 0x00    
   \              0x00 0x00    
   \              0x00 0x00    
   \              0x00         
   \      0x2FB   0x00 0x00          DC8 0, 0, 0, 0, 254, 0, 16, 8, 0, 0, 0, 0, 0, 0, 0, 0, 0, 0, 0, 0, 56
   \              0x00 0x00    
   \              0xFE 0x00    
   \              0x10 0x08    
   \              0x00 0x00    
   \              0x00 0x00    
   \              0x00 0x00    
   \              0x00 0x00    
   \              0x00 0x00    
   \              0x00 0x00    
   \              0x38         
   \      0x310   0x44 0x3C          DC8 68, 60, 68, 68, 62, 0, 0, 0, 0, 192, 64, 88, 100, 68, 68, 68, 248
   \              0x44 0x44    
   \              0x3E 0x00    
   \              0x00 0x00    
   \              0x00 0xC0    
   \              0x40 0x58    
   \              0x64 0x44    
   \              0x44 0x44    
   \              0xF8         
   \      0x321   0x00 0x00          DC8 0, 0, 0, 0, 0, 0, 60, 68, 64, 64, 68, 56, 0, 0, 0, 0, 12, 4, 52, 76
   \              0x00 0x00    
   \              0x00 0x00    
   \              0x3C 0x44    
   \              0x40 0x40    
   \              0x44 0x38    
   \              0x00 0x00    
   \              0x00 0x00    
   \              0x0C 0x04    
   \              0x34 0x4C    
   \      0x335   0x44 0x44          DC8 68, 68, 68, 62, 0, 0, 0, 0, 0, 0, 56, 68, 124, 64, 64, 60, 0, 0, 0
   \              0x44 0x3E    
   \              0x00 0x00    
   \              0x00 0x00    
   \              0x00 0x00    
   \              0x38 0x44    
   \              0x7C 0x40    
   \              0x40 0x3C    
   \              0x00 0x00    
   \              0x00         
   \      0x348   0x00 0x1C          DC8 0, 28, 32, 124, 32, 32, 32, 32, 124, 0, 0, 0, 0, 0, 0, 54, 76, 68
   \              0x20 0x7C    
   \              0x20 0x20    
   \              0x20 0x20    
   \              0x7C 0x00    
   \              0x00 0x00    
   \              0x00 0x00    
   \              0x00 0x36    
   \              0x4C 0x44    
   \      0x35A   0x44 0x44          DC8 68, 68, 60, 4, 56, 0, 0, 192, 64, 88, 100, 68, 68, 68, 238, 0, 0, 0
   \              0x3C 0x04    
   \              0x38 0x00    
   \              0x00 0xC0    
   \              0x40 0x58    
   \              0x64 0x44    
   \              0x44 0x44    
   \              0xEE 0x00    
   \              0x00 0x00    
   \      0x36C   0x00 0x10          DC8 0, 16, 0, 112, 16, 16, 16, 16, 124, 0, 0, 0, 0, 16, 0, 120, 8, 8, 8
   \              0x00 0x70    
   \              0x10 0x10    
   \              0x10 0x10    
   \              0x7C 0x00    
   \              0x00 0x00    
   \              0x00 0x10    
   \              0x00 0x78    
   \              0x08 0x08    
   \              0x08         
   \      0x37F   0x08 0x08          DC8 8, 8, 8, 112, 0, 0, 192, 64, 92, 72, 112, 80, 72, 220, 0, 0, 0, 0
   \              0x08 0x70    
   \              0x00 0x00    
   \              0xC0 0x40    
   \              0x5C 0x48    
   \              0x70 0x50    
   \              0x48 0xDC    
   \              0x00 0x00    
   \              0x00 0x00    
   \      0x391   0x30 0x10          DC8 48, 16, 16, 16, 16, 16, 16, 124, 0, 0, 0, 0, 0, 0, 232, 84, 84, 84
   \              0x10 0x10    
   \              0x10 0x10    
   \              0x10 0x7C    
   \              0x00 0x00    
   \              0x00 0x00    
   \              0x00 0x00    
   \              0xE8 0x54    
   \              0x54 0x54    
   \      0x3A3   0x54 0xFE          DC8 84, 254, 0, 0, 0, 0, 0, 0, 216, 100, 68, 68, 68, 238, 0, 0, 0, 0, 0
   \              0x00 0x00    
   \              0x00 0x00    
   \              0x00 0x00    
   \              0xD8 0x64    
   \              0x44 0x44    
   \              0x44 0xEE    
   \              0x00 0x00    
   \              0x00 0x00    
   \              0x00         
   \      0x3B6   0x00 0x38          DC8 0, 56, 68, 68, 68, 68, 56, 0, 0, 0, 0, 0, 0, 216, 100, 68, 68, 68
   \              0x44 0x44    
   \              0x44 0x44    
   \              0x38 0x00    
   \              0x00 0x00    
   \              0x00 0x00    
   \              0x00 0xD8    
   \              0x64 0x44    
   \              0x44 0x44    
   \      0x3C8   0x78 0x40          DC8 120, 64, 224, 0, 0, 0, 0, 54, 76, 68, 68, 68, 60, 4, 14, 0, 0, 0, 0
   \              0xE0 0x00    
   \              0x00 0x00    
   \              0x00 0x36    
   \              0x4C 0x44    
   \              0x44 0x44    
   \              0x3C 0x04    
   \              0x0E 0x00    
   \              0x00 0x00    
   \              0x00         
   \      0x3DB   0x6C 0x30          DC8 108, 48, 32, 32, 32, 124, 0, 0, 0, 0, 0, 0, 60, 68, 56, 4, 68, 120
   \              0x20 0x20    
   \              0x20 0x7C    
   \              0x00 0x00    
   \              0x00 0x00    
   \              0x00 0x00    
   \              0x3C 0x44    
   \              0x38 0x04    
   \              0x44 0x78    
   \      0x3ED   0x00 0x00          DC8 0, 0, 0, 0, 0, 32, 124, 32, 32, 32, 34, 28, 0, 0, 0, 0, 0, 0, 204
   \              0x00 0x00    
   \              0x00 0x20    
   \              0x7C 0x20    
   \              0x20 0x20    
   \              0x22 0x1C    
   \              0x00 0x00    
   \              0x00 0x00    
   \              0x00 0x00    
   \              0xCC         
   \      0x400   0x44 0x44          DC8 68, 68, 68, 76, 54, 0, 0, 0, 0, 0, 0, 238, 68, 68, 40, 40, 16, 0, 0
   \              0x44 0x4C    
   \              0x36 0x00    
   \              0x00 0x00    
   \              0x00 0x00    
   \              0x00 0xEE    
   \              0x44 0x44    
   \              0x28 0x28    
   \              0x10 0x00    
   \              0x00         
   \      0x413   0x00 0x00          DC8 0, 0, 0, 0, 238, 68, 84, 84, 84, 40, 0, 0, 0, 0, 0, 0, 204, 72, 48
   \              0x00 0x00    
   \              0xEE 0x44    
   \              0x54 0x54    
   \              0x54 0x28    
   \              0x00 0x00    
   \              0x00 0x00    
   \              0x00 0x00    
   \              0xCC 0x48    
   \              0x30         
   \      0x426   0x30 0x48          DC8 48, 72, 204, 0, 0, 0, 0, 0, 0, 238, 68, 36, 40, 24, 16, 16, 120, 0
   \              0xCC 0x00    
   \              0x00 0x00    
   \              0x00 0x00    
   \              0x00 0xEE    
   \              0x44 0x24    
   \              0x28 0x18    
   \              0x10 0x10    
   \              0x78 0x00    
   \      0x438   0x00 0x00          DC8 0, 0, 0, 124, 72, 16, 32, 68, 124, 0, 0, 0, 0, 8, 16, 16, 16, 16
   \              0x00 0x7C    
   \              0x48 0x10    
   \              0x20 0x44    
   \              0x7C 0x00    
   \              0x00 0x00    
   \              0x00 0x08    
   \              0x10 0x10    
   \              0x10 0x10    
   \      0x44A   0x20 0x10          DC8 32, 16, 16, 16, 8, 0, 0, 16, 16, 16, 16, 16, 16, 16, 16, 16, 0, 0
   \              0x10 0x10    
   \              0x08 0x00    
   \              0x00 0x10    
   \              0x10 0x10    
   \              0x10 0x10    
   \              0x10 0x10    
   \              0x10 0x10    
   \              0x00 0x00    
   \      0x45C   0x00 0x20          DC8 0, 32, 16, 16, 16, 16, 8, 16, 16, 16, 32, 0, 0, 0, 0, 0, 0, 36, 88
   \              0x10 0x10    
   \              0x10 0x10    
   \              0x08 0x10    
   \              0x10 0x10    
   \              0x20 0x00    
   \              0x00 0x00    
   \              0x00 0x00    
   \              0x00 0x24    
   \              0x58         
   \      0x46F   0x00 0x00          DC8 0, 0, 0, 0, 0
   \              0x00 0x00    
   \              0x00         
     46          {
     47          	// @0 ' ' (7 pixels wide)
     48          	0x00, //        
     49          	0x00, //        
     50          	0x00, //        
     51          	0x00, //        
     52          	0x00, //        
     53          	0x00, //        
     54          	0x00, //        
     55          	0x00, //        
     56          	0x00, //        
     57          	0x00, //        
     58          	0x00, //        
     59          	0x00, //        
     60          
     61          	// @12 '!' (7 pixels wide)
     62          	0x00, //        
     63          	0x10, //    #   
     64          	0x10, //    #   
     65          	0x10, //    #   
     66          	0x10, //    #   
     67          	0x10, //    #   
     68          	0x00, //        
     69          	0x00, //        
     70          	0x10, //    #   
     71          	0x00, //        
     72          	0x00, //        
     73          	0x00, //        
     74          
     75          	// @24 '"' (7 pixels wide)
     76          	0x00, //        
     77          	0x6C, //  ## ## 
     78          	0x48, //  #  #  
     79          	0x48, //  #  #  
     80          	0x00, //        
     81          	0x00, //        
     82          	0x00, //        
     83          	0x00, //        
     84          	0x00, //        
     85          	0x00, //        
     86          	0x00, //        
     87          	0x00, //        
     88          
     89          	// @36 '#' (7 pixels wide)
     90          	0x00, //        
     91          	0x14, //    # # 
     92          	0x14, //    # # 
     93          	0x28, //   # #  
     94          	0x7C, //  ##### 
     95          	0x28, //   # #  
     96          	0x7C, //  ##### 
     97          	0x28, //   # #  
     98          	0x50, //  # #   
     99          	0x50, //  # #   
    100          	0x00, //        
    101          	0x00, //        
    102          
    103          	// @48 '$' (7 pixels wide)
    104          	0x00, //        
    105          	0x10, //    #   
    106          	0x38, //   ###  
    107          	0x40, //  #     
    108          	0x40, //  #     
    109          	0x38, //   ###  
    110          	0x48, //  #  #  
    111          	0x70, //  ###   
    112          	0x10, //    #   
    113          	0x10, //    #   
    114          	0x00, //        
    115          	0x00, //        
    116          
    117          	// @60 '%' (7 pixels wide)
    118          	0x00, //        
    119          	0x20, //   #    
    120          	0x50, //  # #   
    121          	0x20, //   #    
    122          	0x0C, //     ## 
    123          	0x70, //  ###   
    124          	0x08, //     #  
    125          	0x14, //    # # 
    126          	0x08, //     #  
    127          	0x00, //        
    128          	0x00, //        
    129          	0x00, //        
    130          
    131          	// @72 '&' (7 pixels wide)
    132          	0x00, //        
    133          	0x00, //        
    134          	0x00, //        
    135          	0x18, //    ##  
    136          	0x20, //   #    
    137          	0x20, //   #    
    138          	0x54, //  # # # 
    139          	0x48, //  #  #  
    140          	0x34, //   ## # 
    141          	0x00, //        
    142          	0x00, //        
    143          	0x00, //        
    144          
    145          	// @84 ''' (7 pixels wide)
    146          	0x00, //        
    147          	0x10, //    #   
    148          	0x10, //    #   
    149          	0x10, //    #   
    150          	0x10, //    #   
    151          	0x00, //        
    152          	0x00, //        
    153          	0x00, //        
    154          	0x00, //        
    155          	0x00, //        
    156          	0x00, //        
    157          	0x00, //        
    158          
    159          	// @96 '(' (7 pixels wide)
    160          	0x00, //        
    161          	0x08, //     #  
    162          	0x08, //     #  
    163          	0x10, //    #   
    164          	0x10, //    #   
    165          	0x10, //    #   
    166          	0x10, //    #   
    167          	0x10, //    #   
    168          	0x10, //    #   
    169          	0x08, //     #  
    170          	0x08, //     #  
    171          	0x00, //        
    172          
    173          	// @108 ')' (7 pixels wide)
    174          	0x00, //        
    175          	0x20, //   #    
    176          	0x20, //   #    
    177          	0x10, //    #   
    178          	0x10, //    #   
    179          	0x10, //    #   
    180          	0x10, //    #   
    181          	0x10, //    #   
    182          	0x10, //    #   
    183          	0x20, //   #    
    184          	0x20, //   #    
    185          	0x00, //        
    186          
    187          	// @120 '*' (7 pixels wide)
    188          	0x00, //        
    189          	0x10, //    #   
    190          	0x7C, //  ##### 
    191          	0x10, //    #   
    192          	0x28, //   # #  
    193          	0x28, //   # #  
    194          	0x00, //        
    195          	0x00, //        
    196          	0x00, //        
    197          	0x00, //        
    198          	0x00, //        
    199          	0x00, //        
    200          
    201          	// @132 '+' (7 pixels wide)
    202          	0x00, //        
    203          	0x00, //        
    204          	0x10, //    #   
    205          	0x10, //    #   
    206          	0x10, //    #   
    207          	0xFE, // #######
    208          	0x10, //    #   
    209          	0x10, //    #   
    210          	0x10, //    #   
    211          	0x00, //        
    212          	0x00, //        
    213          	0x00, //        
    214          
    215          	// @144 ',' (7 pixels wide)
    216          	0x00, //        
    217          	0x00, //        
    218          	0x00, //        
    219          	0x00, //        
    220          	0x00, //        
    221          	0x00, //        
    222          	0x00, //        
    223          	0x18, //    ##  
    224          	0x10, //    #   
    225          	0x30, //   ##   
    226          	0x20, //   #    
    227          	0x00, //        
    228          
    229          	// @156 '-' (7 pixels wide)
    230          	0x00, //        
    231          	0x00, //        
    232          	0x00, //        
    233          	0x00, //        
    234          	0x00, //        
    235          	0x7C, //  ##### 
    236          	0x00, //        
    237          	0x00, //        
    238          	0x00, //        
    239          	0x00, //        
    240          	0x00, //        
    241          	0x00, //        
    242          
    243          	// @168 '.' (7 pixels wide)
    244          	0x00, //        
    245          	0x00, //        
    246          	0x00, //        
    247          	0x00, //        
    248          	0x00, //        
    249          	0x00, //        
    250          	0x00, //        
    251          	0x30, //   ##   
    252          	0x30, //   ##   
    253          	0x00, //        
    254          	0x00, //        
    255          	0x00, //        
    256          
    257          	// @180 '/' (7 pixels wide)
    258          	0x00, //        
    259          	0x04, //      # 
    260          	0x04, //      # 
    261          	0x08, //     #  
    262          	0x08, //     #  
    263          	0x10, //    #   
    264          	0x10, //    #   
    265          	0x20, //   #    
    266          	0x20, //   #    
    267          	0x40, //  #     
    268          	0x00, //        
    269          	0x00, //        
    270          
    271          	// @192 '0' (7 pixels wide)
    272          	0x00, //        
    273          	0x38, //   ###  
    274          	0x44, //  #   # 
    275          	0x44, //  #   # 
    276          	0x44, //  #   # 
    277          	0x44, //  #   # 
    278          	0x44, //  #   # 
    279          	0x44, //  #   # 
    280          	0x38, //   ###  
    281          	0x00, //        
    282          	0x00, //        
    283          	0x00, //        
    284          
    285          	// @204 '1' (7 pixels wide)
    286          	0x00, //        
    287          	0x30, //   ##   
    288          	0x10, //    #   
    289          	0x10, //    #   
    290          	0x10, //    #   
    291          	0x10, //    #   
    292          	0x10, //    #   
    293          	0x10, //    #   
    294          	0x7C, //  ##### 
    295          	0x00, //        
    296          	0x00, //        
    297          	0x00, //        
    298          
    299          	// @216 '2' (7 pixels wide)
    300          	0x00, //        
    301          	0x38, //   ###  
    302          	0x44, //  #   # 
    303          	0x04, //      # 
    304          	0x08, //     #  
    305          	0x10, //    #   
    306          	0x20, //   #    
    307          	0x44, //  #   # 
    308          	0x7C, //  ##### 
    309          	0x00, //        
    310          	0x00, //        
    311          	0x00, //        
    312          
    313          	// @228 '3' (7 pixels wide)
    314          	0x00, //        
    315          	0x38, //   ###  
    316          	0x44, //  #   # 
    317          	0x04, //      # 
    318          	0x18, //    ##  
    319          	0x04, //      # 
    320          	0x04, //      # 
    321          	0x44, //  #   # 
    322          	0x38, //   ###  
    323          	0x00, //        
    324          	0x00, //        
    325          	0x00, //        
    326          
    327          	// @240 '4' (7 pixels wide)
    328          	0x00, //        
    329          	0x0C, //     ## 
    330          	0x14, //    # # 
    331          	0x14, //    # # 
    332          	0x24, //   #  # 
    333          	0x44, //  #   # 
    334          	0x7E, //  ######
    335          	0x04, //      # 
    336          	0x0E, //     ###
    337          	0x00, //        
    338          	0x00, //        
    339          	0x00, //        
    340          
    341          	// @252 '5' (7 pixels wide)
    342          	0x00, //        
    343          	0x3C, //   #### 
    344          	0x20, //   #    
    345          	0x20, //   #    
    346          	0x38, //   ###  
    347          	0x04, //      # 
    348          	0x04, //      # 
    349          	0x44, //  #   # 
    350          	0x38, //   ###  
    351          	0x00, //        
    352          	0x00, //        
    353          	0x00, //        
    354          
    355          	// @264 '6' (7 pixels wide)
    356          	0x00, //        
    357          	0x1C, //    ### 
    358          	0x20, //   #    
    359          	0x40, //  #     
    360          	0x78, //  ####  
    361          	0x44, //  #   # 
    362          	0x44, //  #   # 
    363          	0x44, //  #   # 
    364          	0x38, //   ###  
    365          	0x00, //        
    366          	0x00, //        
    367          	0x00, //        
    368          
    369          	// @276 '7' (7 pixels wide)
    370          	0x00, //        
    371          	0x7C, //  ##### 
    372          	0x44, //  #   # 
    373          	0x04, //      # 
    374          	0x08, //     #  
    375          	0x08, //     #  
    376          	0x08, //     #  
    377          	0x10, //    #   
    378          	0x10, //    #   
    379          	0x00, //        
    380          	0x00, //        
    381          	0x00, //        
    382          
    383          	// @288 '8' (7 pixels wide)
    384          	0x00, //        
    385          	0x38, //   ###  
    386          	0x44, //  #   # 
    387          	0x44, //  #   # 
    388          	0x38, //   ###  
    389          	0x44, //  #   # 
    390          	0x44, //  #   # 
    391          	0x44, //  #   # 
    392          	0x38, //   ###  
    393          	0x00, //        
    394          	0x00, //        
    395          	0x00, //        
    396          
    397          	// @300 '9' (7 pixels wide)
    398          	0x00, //        
    399          	0x38, //   ###  
    400          	0x44, //  #   # 
    401          	0x44, //  #   # 
    402          	0x44, //  #   # 
    403          	0x3C, //   #### 
    404          	0x04, //      # 
    405          	0x08, //     #  
    406          	0x70, //  ###   
    407          	0x00, //        
    408          	0x00, //        
    409          	0x00, //        
    410          
    411          	// @312 ':' (7 pixels wide)
    412          	0x00, //        
    413          	0x00, //        
    414          	0x00, //        
    415          	0x30, //   ##   
    416          	0x30, //   ##   
    417          	0x00, //        
    418          	0x00, //        
    419          	0x30, //   ##   
    420          	0x30, //   ##   
    421          	0x00, //        
    422          	0x00, //        
    423          	0x00, //        
    424          
    425          	// @324 ';' (7 pixels wide)
    426          	0x00, //        
    427          	0x00, //        
    428          	0x00, //        
    429          	0x18, //    ##  
    430          	0x18, //    ##  
    431          	0x00, //        
    432          	0x00, //        
    433          	0x18, //    ##  
    434          	0x30, //   ##   
    435          	0x20, //   #    
    436          	0x00, //        
    437          	0x00, //        
    438          
    439          	// @336 '<' (7 pixels wide)
    440          	0x00, //        
    441          	0x00, //        
    442          	0x0C, //     ## 
    443          	0x10, //    #   
    444          	0x60, //  ##    
    445          	0x80, // #      
    446          	0x60, //  ##    
    447          	0x10, //    #   
    448          	0x0C, //     ## 
    449          	0x00, //        
    450          	0x00, //        
    451          	0x00, //        
    452          
    453          	// @348 '=' (7 pixels wide)
    454          	0x00, //        
    455          	0x00, //        
    456          	0x00, //        
    457          	0x00, //        
    458          	0x7C, //  ##### 
    459          	0x00, //        
    460          	0x7C, //  ##### 
    461          	0x00, //        
    462          	0x00, //        
    463          	0x00, //        
    464          	0x00, //        
    465          	0x00, //        
    466          
    467          	// @360 '>' (7 pixels wide)
    468          	0x00, //        
    469          	0x00, //        
    470          	0xC0, // ##     
    471          	0x20, //   #    
    472          	0x18, //    ##  
    473          	0x04, //      # 
    474          	0x18, //    ##  
    475          	0x20, //   #    
    476          	0xC0, // ##     
    477          	0x00, //        
    478          	0x00, //        
    479          	0x00, //        
    480          
    481          	// @372 '?' (7 pixels wide)
    482          	0x00, //        
    483          	0x00, //        
    484          	0x18, //    ##  
    485          	0x24, //   #  # 
    486          	0x04, //      # 
    487          	0x08, //     #  
    488          	0x10, //    #   
    489          	0x00, //        
    490          	0x30, //   ##   
    491          	0x00, //        
    492          	0x00, //        
    493          	0x00, //        
    494          
    495          	// @384 '@' (7 pixels wide)
    496          	0x38, //   ###  
    497          	0x44, //  #   # 
    498          	0x44, //  #   # 
    499          	0x4C, //  #  ## 
    500          	0x54, //  # # # 
    501          	0x54, //  # # # 
    502          	0x4C, //  #  ## 
    503          	0x40, //  #     
    504          	0x44, //  #   # 
    505          	0x38, //   ###  
    506          	0x00, //        
    507          	0x00, //        
    508          
    509          	// @396 'A' (7 pixels wide)
    510          	0x00, //        
    511          	0x30, //   ##   
    512          	0x10, //    #   
    513          	0x28, //   # #  
    514          	0x28, //   # #  
    515          	0x28, //   # #  
    516          	0x7C, //  ##### 
    517          	0x44, //  #   # 
    518          	0xEE, // ### ###
    519          	0x00, //        
    520          	0x00, //        
    521          	0x00, //        
    522          
    523          	// @408 'B' (7 pixels wide)
    524          	0x00, //        
    525          	0xF8, // #####  
    526          	0x44, //  #   # 
    527          	0x44, //  #   # 
    528          	0x78, //  ####  
    529          	0x44, //  #   # 
    530          	0x44, //  #   # 
    531          	0x44, //  #   # 
    532          	0xF8, // #####  
    533          	0x00, //        
    534          	0x00, //        
    535          	0x00, //        
    536          
    537          	// @420 'C' (7 pixels wide)
    538          	0x00, //        
    539          	0x3C, //   #### 
    540          	0x44, //  #   # 
    541          	0x40, //  #     
    542          	0x40, //  #     
    543          	0x40, //  #     
    544          	0x40, //  #     
    545          	0x44, //  #   # 
    546          	0x38, //   ###  
    547          	0x00, //        
    548          	0x00, //        
    549          	0x00, //        
    550          
    551          	// @432 'D' (7 pixels wide)
    552          	0x00, //        
    553          	0xF0, // ####   
    554          	0x48, //  #  #  
    555          	0x44, //  #   # 
    556          	0x44, //  #   # 
    557          	0x44, //  #   # 
    558          	0x44, //  #   # 
    559          	0x48, //  #  #  
    560          	0xF0, // ####   
    561          	0x00, //        
    562          	0x00, //        
    563          	0x00, //        
    564          
    565          	// @444 'E' (7 pixels wide)
    566          	0x00, //        
    567          	0xFC, // ###### 
    568          	0x44, //  #   # 
    569          	0x50, //  # #   
    570          	0x70, //  ###   
    571          	0x50, //  # #   
    572          	0x40, //  #     
    573          	0x44, //  #   # 
    574          	0xFC, // ###### 
    575          	0x00, //        
    576          	0x00, //        
    577          	0x00, //        
    578          
    579          	// @456 'F' (7 pixels wide)
    580          	0x00, //        
    581          	0x7E, //  ######
    582          	0x22, //   #   #
    583          	0x28, //   # #  
    584          	0x38, //   ###  
    585          	0x28, //   # #  
    586          	0x20, //   #    
    587          	0x20, //   #    
    588          	0x70, //  ###   
    589          	0x00, //        
    590          	0x00, //        
    591          	0x00, //        
    592          
    593          	// @468 'G' (7 pixels wide)
    594          	0x00, //        
    595          	0x3C, //   #### 
    596          	0x44, //  #   # 
    597          	0x40, //  #     
    598          	0x40, //  #     
    599          	0x4E, //  #  ###
    600          	0x44, //  #   # 
    601          	0x44, //  #   # 
    602          	0x38, //   ###  
    603          	0x00, //        
    604          	0x00, //        
    605          	0x00, //        
    606          
    607          	// @480 'H' (7 pixels wide)
    608          	0x00, //        
    609          	0xEE, // ### ###
    610          	0x44, //  #   # 
    611          	0x44, //  #   # 
    612          	0x7C, //  ##### 
    613          	0x44, //  #   # 
    614          	0x44, //  #   # 
    615          	0x44, //  #   # 
    616          	0xEE, // ### ###
    617          	0x00, //        
    618          	0x00, //        
    619          	0x00, //        
    620          
    621          	// @492 'I' (7 pixels wide)
    622          	0x00, //        
    623          	0x7C, //  ##### 
    624          	0x10, //    #   
    625          	0x10, //    #   
    626          	0x10, //    #   
    627          	0x10, //    #   
    628          	0x10, //    #   
    629          	0x10, //    #   
    630          	0x7C, //  ##### 
    631          	0x00, //        
    632          	0x00, //        
    633          	0x00, //        
    634          
    635          	// @504 'J' (7 pixels wide)
    636          	0x00, //        
    637          	0x3C, //   #### 
    638          	0x08, //     #  
    639          	0x08, //     #  
    640          	0x08, //     #  
    641          	0x48, //  #  #  
    642          	0x48, //  #  #  
    643          	0x48, //  #  #  
    644          	0x30, //   ##   
    645          	0x00, //        
    646          	0x00, //        
    647          	0x00, //        
    648          
    649          	// @516 'K' (7 pixels wide)
    650          	0x00, //        
    651          	0xEE, // ### ###
    652          	0x44, //  #   # 
    653          	0x48, //  #  #  
    654          	0x50, //  # #   
    655          	0x70, //  ###   
    656          	0x48, //  #  #  
    657          	0x44, //  #   # 
    658          	0xE6, // ###  ##
    659          	0x00, //        
    660          	0x00, //        
    661          	0x00, //        
    662          
    663          	// @528 'L' (7 pixels wide)
    664          	0x00, //        
    665          	0x70, //  ###   
    666          	0x20, //   #    
    667          	0x20, //   #    
    668          	0x20, //   #    
    669          	0x20, //   #    
    670          	0x24, //   #  # 
    671          	0x24, //   #  # 
    672          	0x7C, //  ##### 
    673          	0x00, //        
    674          	0x00, //        
    675          	0x00, //        
    676          
    677          	// @540 'M' (7 pixels wide)
    678          	0x00, //        
    679          	0xEE, // ### ###
    680          	0x6C, //  ## ## 
    681          	0x6C, //  ## ## 
    682          	0x54, //  # # # 
    683          	0x54, //  # # # 
    684          	0x44, //  #   # 
    685          	0x44, //  #   # 
    686          	0xEE, // ### ###
    687          	0x00, //        
    688          	0x00, //        
    689          	0x00, //        
    690          
    691          	// @552 'N' (7 pixels wide)
    692          	0x00, //        
    693          	0xEE, // ### ###
    694          	0x64, //  ##  # 
    695          	0x64, //  ##  # 
    696          	0x54, //  # # # 
    697          	0x54, //  # # # 
    698          	0x54, //  # # # 
    699          	0x4C, //  #  ## 
    700          	0xEC, // ### ## 
    701          	0x00, //        
    702          	0x00, //        
    703          	0x00, //        
    704          
    705          	// @564 'O' (7 pixels wide)
    706          	0x00, //        
    707          	0x38, //   ###  
    708          	0x44, //  #   # 
    709          	0x44, //  #   # 
    710          	0x44, //  #   # 
    711          	0x44, //  #   # 
    712          	0x44, //  #   # 
    713          	0x44, //  #   # 
    714          	0x38, //   ###  
    715          	0x00, //        
    716          	0x00, //        
    717          	0x00, //        
    718          
    719          	// @576 'P' (7 pixels wide)
    720          	0x00, //        
    721          	0x78, //  ####  
    722          	0x24, //   #  # 
    723          	0x24, //   #  # 
    724          	0x24, //   #  # 
    725          	0x38, //   ###  
    726          	0x20, //   #    
    727          	0x20, //   #    
    728          	0x70, //  ###   
    729          	0x00, //        
    730          	0x00, //        
    731          	0x00, //        
    732          
    733          	// @588 'Q' (7 pixels wide)
    734          	0x00, //        
    735          	0x38, //   ###  
    736          	0x44, //  #   # 
    737          	0x44, //  #   # 
    738          	0x44, //  #   # 
    739          	0x44, //  #   # 
    740          	0x44, //  #   # 
    741          	0x44, //  #   # 
    742          	0x38, //   ###  
    743          	0x1C, //    ### 
    744          	0x00, //        
    745          	0x00, //        
    746          
    747          	// @600 'R' (7 pixels wide)
    748          	0x00, //        
    749          	0xF8, // #####  
    750          	0x44, //  #   # 
    751          	0x44, //  #   # 
    752          	0x44, //  #   # 
    753          	0x78, //  ####  
    754          	0x48, //  #  #  
    755          	0x44, //  #   # 
    756          	0xE2, // ###   #
    757          	0x00, //        
    758          	0x00, //        
    759          	0x00, //        
    760          
    761          	// @612 'S' (7 pixels wide)
    762          	0x00, //        
    763          	0x34, //   ## # 
    764          	0x4C, //  #  ## 
    765          	0x40, //  #     
    766          	0x38, //   ###  
    767          	0x04, //      # 
    768          	0x04, //      # 
    769          	0x64, //  ##  # 
    770          	0x58, //  # ##  
    771          	0x00, //        
    772          	0x00, //        
    773          	0x00, //        
    774          
    775          	// @624 'T' (7 pixels wide)
    776          	0x00, //        
    777          	0xFE, // #######
    778          	0x92, // #  #  #
    779          	0x10, //    #   
    780          	0x10, //    #   
    781          	0x10, //    #   
    782          	0x10, //    #   
    783          	0x10, //    #   
    784          	0x38, //   ###  
    785          	0x00, //        
    786          	0x00, //        
    787          	0x00, //        
    788          
    789          	// @636 'U' (7 pixels wide)
    790          	0x00, //        
    791          	0xEE, // ### ###
    792          	0x44, //  #   # 
    793          	0x44, //  #   # 
    794          	0x44, //  #   # 
    795          	0x44, //  #   # 
    796          	0x44, //  #   # 
    797          	0x44, //  #   # 
    798          	0x38, //   ###  
    799          	0x00, //        
    800          	0x00, //        
    801          	0x00, //        
    802          
    803          	// @648 'V' (7 pixels wide)
    804          	0x00, //        
    805          	0xEE, // ### ###
    806          	0x44, //  #   # 
    807          	0x44, //  #   # 
    808          	0x28, //   # #  
    809          	0x28, //   # #  
    810          	0x28, //   # #  
    811          	0x10, //    #   
    812          	0x10, //    #   
    813          	0x00, //        
    814          	0x00, //        
    815          	0x00, //        
    816          
    817          	// @660 'W' (7 pixels wide)
    818          	0x00, //        
    819          	0xEE, // ### ###
    820          	0x44, //  #   # 
    821          	0x44, //  #   # 
    822          	0x54, //  # # # 
    823          	0x54, //  # # # 
    824          	0x54, //  # # # 
    825          	0x54, //  # # # 
    826          	0x28, //   # #  
    827          	0x00, //        
    828          	0x00, //        
    829          	0x00, //        
    830          
    831          	// @672 'X' (7 pixels wide)
    832          	0x00, //        
    833          	0xC6, // ##   ##
    834          	0x44, //  #   # 
    835          	0x28, //   # #  
    836          	0x10, //    #   
    837          	0x10, //    #   
    838          	0x28, //   # #  
    839          	0x44, //  #   # 
    840          	0xC6, // ##   ##
    841          	0x00, //        
    842          	0x00, //        
    843          	0x00, //        
    844          
    845          	// @684 'Y' (7 pixels wide)
    846          	0x00, //        
    847          	0xEE, // ### ###
    848          	0x44, //  #   # 
    849          	0x28, //   # #  
    850          	0x28, //   # #  
    851          	0x10, //    #   
    852          	0x10, //    #   
    853          	0x10, //    #   
    854          	0x38, //   ###  
    855          	0x00, //        
    856          	0x00, //        
    857          	0x00, //        
    858          
    859          	// @696 'Z' (7 pixels wide)
    860          	0x00, //        
    861          	0x7C, //  ##### 
    862          	0x44, //  #   # 
    863          	0x08, //     #  
    864          	0x10, //    #   
    865          	0x10, //    #   
    866          	0x20, //   #    
    867          	0x44, //  #   # 
    868          	0x7C, //  ##### 
    869          	0x00, //        
    870          	0x00, //        
    871          	0x00, //        
    872          
    873          	// @708 '[' (7 pixels wide)
    874          	0x00, //        
    875          	0x38, //   ###  
    876          	0x20, //   #    
    877          	0x20, //   #    
    878          	0x20, //   #    
    879          	0x20, //   #    
    880          	0x20, //   #    
    881          	0x20, //   #    
    882          	0x20, //   #    
    883          	0x20, //   #    
    884          	0x38, //   ###  
    885          	0x00, //        
    886          
    887          	// @720 '\' (7 pixels wide)
    888          	0x00, //        
    889          	0x40, //  #     
    890          	0x20, //   #    
    891          	0x20, //   #    
    892          	0x20, //   #    
    893          	0x10, //    #   
    894          	0x10, //    #   
    895          	0x08, //     #  
    896          	0x08, //     #  
    897          	0x08, //     #  
    898          	0x00, //        
    899          	0x00, //        
    900          
    901          	// @732 ']' (7 pixels wide)
    902          	0x00, //        
    903          	0x38, //   ###  
    904          	0x08, //     #  
    905          	0x08, //     #  
    906          	0x08, //     #  
    907          	0x08, //     #  
    908          	0x08, //     #  
    909          	0x08, //     #  
    910          	0x08, //     #  
    911          	0x08, //     #  
    912          	0x38, //   ###  
    913          	0x00, //        
    914          
    915          	// @744 '^' (7 pixels wide)
    916          	0x00, //        
    917          	0x10, //    #   
    918          	0x10, //    #   
    919          	0x28, //   # #  
    920          	0x44, //  #   # 
    921          	0x00, //        
    922          	0x00, //        
    923          	0x00, //        
    924          	0x00, //        
    925          	0x00, //        
    926          	0x00, //        
    927          	0x00, //        
    928          
    929          	// @756 '_' (7 pixels wide)
    930          	0x00, //        
    931          	0x00, //        
    932          	0x00, //        
    933          	0x00, //        
    934          	0x00, //        
    935          	0x00, //        
    936          	0x00, //        
    937          	0x00, //        
    938          	0x00, //        
    939          	0x00, //        
    940          	0x00, //        
    941          	0xFE, // #######
    942          
    943          	// @768 '`' (7 pixels wide)
    944          	0x00, //        
    945          	0x10, //    #   
    946          	0x08, //     #  
    947          	0x00, //        
    948          	0x00, //        
    949          	0x00, //        
    950          	0x00, //        
    951          	0x00, //        
    952          	0x00, //        
    953          	0x00, //        
    954          	0x00, //        
    955          	0x00, //        
    956          
    957          	// @780 'a' (7 pixels wide)
    958          	0x00, //        
    959          	0x00, //        
    960          	0x00, //        
    961          	0x38, //   ###  
    962          	0x44, //  #   # 
    963          	0x3C, //   #### 
    964          	0x44, //  #   # 
    965          	0x44, //  #   # 
    966          	0x3E, //   #####
    967          	0x00, //        
    968          	0x00, //        
    969          	0x00, //        
    970          
    971          	// @792 'b' (7 pixels wide)
    972          	0x00, //        
    973          	0xC0, // ##     
    974          	0x40, //  #     
    975          	0x58, //  # ##  
    976          	0x64, //  ##  # 
    977          	0x44, //  #   # 
    978          	0x44, //  #   # 
    979          	0x44, //  #   # 
    980          	0xF8, // #####  
    981          	0x00, //        
    982          	0x00, //        
    983          	0x00, //        
    984          
    985          	// @804 'c' (7 pixels wide)
    986          	0x00, //        
    987          	0x00, //        
    988          	0x00, //        
    989          	0x3C, //   #### 
    990          	0x44, //  #   # 
    991          	0x40, //  #     
    992          	0x40, //  #     
    993          	0x44, //  #   # 
    994          	0x38, //   ###  
    995          	0x00, //        
    996          	0x00, //        
    997          	0x00, //        
    998          
    999          	// @816 'd' (7 pixels wide)
   1000          	0x00, //        
   1001          	0x0C, //     ## 
   1002          	0x04, //      # 
   1003          	0x34, //   ## # 
   1004          	0x4C, //  #  ## 
   1005          	0x44, //  #   # 
   1006          	0x44, //  #   # 
   1007          	0x44, //  #   # 
   1008          	0x3E, //   #####
   1009          	0x00, //        
   1010          	0x00, //        
   1011          	0x00, //        
   1012          
   1013          	// @828 'e' (7 pixels wide)
   1014          	0x00, //        
   1015          	0x00, //        
   1016          	0x00, //        
   1017          	0x38, //   ###  
   1018          	0x44, //  #   # 
   1019          	0x7C, //  ##### 
   1020          	0x40, //  #     
   1021          	0x40, //  #     
   1022          	0x3C, //   #### 
   1023          	0x00, //        
   1024          	0x00, //        
   1025          	0x00, //        
   1026          
   1027          	// @840 'f' (7 pixels wide)
   1028          	0x00, //        
   1029          	0x1C, //    ### 
   1030          	0x20, //   #    
   1031          	0x7C, //  ##### 
   1032          	0x20, //   #    
   1033          	0x20, //   #    
   1034          	0x20, //   #    
   1035          	0x20, //   #    
   1036          	0x7C, //  ##### 
   1037          	0x00, //        
   1038          	0x00, //        
   1039          	0x00, //        
   1040          
   1041          	// @852 'g' (7 pixels wide)
   1042          	0x00, //        
   1043          	0x00, //        
   1044          	0x00, //        
   1045          	0x36, //   ## ##
   1046          	0x4C, //  #  ## 
   1047          	0x44, //  #   # 
   1048          	0x44, //  #   # 
   1049          	0x44, //  #   # 
   1050          	0x3C, //   #### 
   1051          	0x04, //      # 
   1052          	0x38, //   ###  
   1053          	0x00, //        
   1054          
   1055          	// @864 'h' (7 pixels wide)
   1056          	0x00, //        
   1057          	0xC0, // ##     
   1058          	0x40, //  #     
   1059          	0x58, //  # ##  
   1060          	0x64, //  ##  # 
   1061          	0x44, //  #   # 
   1062          	0x44, //  #   # 
   1063          	0x44, //  #   # 
   1064          	0xEE, // ### ###
   1065          	0x00, //        
   1066          	0x00, //        
   1067          	0x00, //        
   1068          
   1069          	// @876 'i' (7 pixels wide)
   1070          	0x00, //        
   1071          	0x10, //    #   
   1072          	0x00, //        
   1073          	0x70, //  ###   
   1074          	0x10, //    #   
   1075          	0x10, //    #   
   1076          	0x10, //    #   
   1077          	0x10, //    #   
   1078          	0x7C, //  ##### 
   1079          	0x00, //        
   1080          	0x00, //        
   1081          	0x00, //        
   1082          
   1083          	// @888 'j' (7 pixels wide)
   1084          	0x00, //        
   1085          	0x10, //    #   
   1086          	0x00, //        
   1087          	0x78, //  ####  
   1088          	0x08, //     #  
   1089          	0x08, //     #  
   1090          	0x08, //     #  
   1091          	0x08, //     #  
   1092          	0x08, //     #  
   1093          	0x08, //     #  
   1094          	0x70, //  ###   
   1095          	0x00, //        
   1096          
   1097          	// @900 'k' (7 pixels wide)
   1098          	0x00, //        
   1099          	0xC0, // ##     
   1100          	0x40, //  #     
   1101          	0x5C, //  # ### 
   1102          	0x48, //  #  #  
   1103          	0x70, //  ###   
   1104          	0x50, //  # #   
   1105          	0x48, //  #  #  
   1106          	0xDC, // ## ### 
   1107          	0x00, //        
   1108          	0x00, //        
   1109          	0x00, //        
   1110          
   1111          	// @912 'l' (7 pixels wide)
   1112          	0x00, //        
   1113          	0x30, //   ##   
   1114          	0x10, //    #   
   1115          	0x10, //    #   
   1116          	0x10, //    #   
   1117          	0x10, //    #   
   1118          	0x10, //    #   
   1119          	0x10, //    #   
   1120          	0x7C, //  ##### 
   1121          	0x00, //        
   1122          	0x00, //        
   1123          	0x00, //        
   1124          
   1125          	// @924 'm' (7 pixels wide)
   1126          	0x00, //        
   1127          	0x00, //        
   1128          	0x00, //        
   1129          	0xE8, // ### #  
   1130          	0x54, //  # # # 
   1131          	0x54, //  # # # 
   1132          	0x54, //  # # # 
   1133          	0x54, //  # # # 
   1134          	0xFE, // #######
   1135          	0x00, //        
   1136          	0x00, //        
   1137          	0x00, //        
   1138          
   1139          	// @936 'n' (7 pixels wide)
   1140          	0x00, //        
   1141          	0x00, //        
   1142          	0x00, //        
   1143          	0xD8, // ## ##  
   1144          	0x64, //  ##  # 
   1145          	0x44, //  #   # 
   1146          	0x44, //  #   # 
   1147          	0x44, //  #   # 
   1148          	0xEE, // ### ###
   1149          	0x00, //        
   1150          	0x00, //        
   1151          	0x00, //        
   1152          
   1153          	// @948 'o' (7 pixels wide)
   1154          	0x00, //        
   1155          	0x00, //        
   1156          	0x00, //        
   1157          	0x38, //   ###  
   1158          	0x44, //  #   # 
   1159          	0x44, //  #   # 
   1160          	0x44, //  #   # 
   1161          	0x44, //  #   # 
   1162          	0x38, //   ###  
   1163          	0x00, //        
   1164          	0x00, //        
   1165          	0x00, //        
   1166          
   1167          	// @960 'p' (7 pixels wide)
   1168          	0x00, //        
   1169          	0x00, //        
   1170          	0x00, //        
   1171          	0xD8, // ## ##  
   1172          	0x64, //  ##  # 
   1173          	0x44, //  #   # 
   1174          	0x44, //  #   # 
   1175          	0x44, //  #   # 
   1176          	0x78, //  ####  
   1177          	0x40, //  #     
   1178          	0xE0, // ###    
   1179          	0x00, //        
   1180          
   1181          	// @972 'q' (7 pixels wide)
   1182          	0x00, //        
   1183          	0x00, //        
   1184          	0x00, //        
   1185          	0x36, //   ## ##
   1186          	0x4C, //  #  ## 
   1187          	0x44, //  #   # 
   1188          	0x44, //  #   # 
   1189          	0x44, //  #   # 
   1190          	0x3C, //   #### 
   1191          	0x04, //      # 
   1192          	0x0E, //     ###
   1193          	0x00, //        
   1194          
   1195          	// @984 'r' (7 pixels wide)
   1196          	0x00, //        
   1197          	0x00, //        
   1198          	0x00, //        
   1199          	0x6C, //  ## ## 
   1200          	0x30, //   ##   
   1201          	0x20, //   #    
   1202          	0x20, //   #    
   1203          	0x20, //   #    
   1204          	0x7C, //  ##### 
   1205          	0x00, //        
   1206          	0x00, //        
   1207          	0x00, //        
   1208          
   1209          	// @996 's' (7 pixels wide)
   1210          	0x00, //        
   1211          	0x00, //        
   1212          	0x00, //        
   1213          	0x3C, //   #### 
   1214          	0x44, //  #   # 
   1215          	0x38, //   ###  
   1216          	0x04, //      # 
   1217          	0x44, //  #   # 
   1218          	0x78, //  ####  
   1219          	0x00, //        
   1220          	0x00, //        
   1221          	0x00, //        
   1222          
   1223          	// @1008 't' (7 pixels wide)
   1224          	0x00, //        
   1225          	0x00, //        
   1226          	0x20, //   #    
   1227          	0x7C, //  ##### 
   1228          	0x20, //   #    
   1229          	0x20, //   #    
   1230          	0x20, //   #    
   1231          	0x22, //   #   #
   1232          	0x1C, //    ### 
   1233          	0x00, //        
   1234          	0x00, //        
   1235          	0x00, //        
   1236          
   1237          	// @1020 'u' (7 pixels wide)
   1238          	0x00, //        
   1239          	0x00, //        
   1240          	0x00, //        
   1241          	0xCC, // ##  ## 
   1242          	0x44, //  #   # 
   1243          	0x44, //  #   # 
   1244          	0x44, //  #   # 
   1245          	0x4C, //  #  ## 
   1246          	0x36, //   ## ##
   1247          	0x00, //        
   1248          	0x00, //        
   1249          	0x00, //        
   1250          
   1251          	// @1032 'v' (7 pixels wide)
   1252          	0x00, //        
   1253          	0x00, //        
   1254          	0x00, //        
   1255          	0xEE, // ### ###
   1256          	0x44, //  #   # 
   1257          	0x44, //  #   # 
   1258          	0x28, //   # #  
   1259          	0x28, //   # #  
   1260          	0x10, //    #   
   1261          	0x00, //        
   1262          	0x00, //        
   1263          	0x00, //        
   1264          
   1265          	// @1044 'w' (7 pixels wide)
   1266          	0x00, //        
   1267          	0x00, //        
   1268          	0x00, //        
   1269          	0xEE, // ### ###
   1270          	0x44, //  #   # 
   1271          	0x54, //  # # # 
   1272          	0x54, //  # # # 
   1273          	0x54, //  # # # 
   1274          	0x28, //   # #  
   1275          	0x00, //        
   1276          	0x00, //        
   1277          	0x00, //        
   1278          
   1279          	// @1056 'x' (7 pixels wide)
   1280          	0x00, //        
   1281          	0x00, //        
   1282          	0x00, //        
   1283          	0xCC, // ##  ## 
   1284          	0x48, //  #  #  
   1285          	0x30, //   ##   
   1286          	0x30, //   ##   
   1287          	0x48, //  #  #  
   1288          	0xCC, // ##  ## 
   1289          	0x00, //        
   1290          	0x00, //        
   1291          	0x00, //        
   1292          
   1293          	// @1068 'y' (7 pixels wide)
   1294          	0x00, //        
   1295          	0x00, //        
   1296          	0x00, //        
   1297          	0xEE, // ### ###
   1298          	0x44, //  #   # 
   1299          	0x24, //   #  # 
   1300          	0x28, //   # #  
   1301          	0x18, //    ##  
   1302          	0x10, //    #   
   1303          	0x10, //    #   
   1304          	0x78, //  ####  
   1305          	0x00, //        
   1306          
   1307          	// @1080 'z' (7 pixels wide)
   1308          	0x00, //        
   1309          	0x00, //        
   1310          	0x00, //        
   1311          	0x7C, //  ##### 
   1312          	0x48, //  #  #  
   1313          	0x10, //    #   
   1314          	0x20, //   #    
   1315          	0x44, //  #   # 
   1316          	0x7C, //  ##### 
   1317          	0x00, //        
   1318          	0x00, //        
   1319          	0x00, //        
   1320          
   1321          	// @1092 '{' (7 pixels wide)
   1322          	0x00, //        
   1323          	0x08, //     #  
   1324          	0x10, //    #   
   1325          	0x10, //    #   
   1326          	0x10, //    #   
   1327          	0x10, //    #   
   1328          	0x20, //   #    
   1329          	0x10, //    #   
   1330          	0x10, //    #   
   1331          	0x10, //    #   
   1332          	0x08, //     #  
   1333          	0x00, //        
   1334          
   1335          	// @1104 '|' (7 pixels wide)
   1336          	0x00, //        
   1337          	0x10, //    #   
   1338          	0x10, //    #   
   1339          	0x10, //    #   
   1340          	0x10, //    #   
   1341          	0x10, //    #   
   1342          	0x10, //    #   
   1343          	0x10, //    #   
   1344          	0x10, //    #   
   1345          	0x10, //    #   
   1346          	0x00, //        
   1347          	0x00, //        
   1348          
   1349          	// @1116 '}' (7 pixels wide)
   1350          	0x00, //        
   1351          	0x20, //   #    
   1352          	0x10, //    #   
   1353          	0x10, //    #   
   1354          	0x10, //    #   
   1355          	0x10, //    #   
   1356          	0x08, //     #  
   1357          	0x10, //    #   
   1358          	0x10, //    #   
   1359          	0x10, //    #   
   1360          	0x20, //   #    
   1361          	0x00, //        
   1362          
   1363          	// @1128 '~' (7 pixels wide)
   1364          	0x00, //        
   1365          	0x00, //        
   1366          	0x00, //        
   1367          	0x00, //        
   1368          	0x00, //        
   1369          	0x24, //   #  # 
   1370          	0x58, //  # ##  
   1371          	0x00, //        
   1372          	0x00, //        
   1373          	0x00, //        
   1374          	0x00, //        
   1375          	0x00, //        
   1376          };
   1377          

   \                                 In section .data, align 4
   1378          sFONT Font12 = {
   \                     Font12:
   \        0x0   0x....'....        DC32 Font12_Table
   \        0x4   0x0007 0x000C      DC16 7, 12
   1379            Font12_Table,
   1380            7, /* Width */
   1381            12, /* Height */
   1382          };
   1383          
   1384          /************************ (C) COPYRIGHT STMicroelectronics *****END OF FILE****/


   Section sizes:

   Bytes  Function/Label
   -----  --------------
       8  Font12
    1140  Font12_Table

 
     8 bytes in section .data
 1'140 bytes in section .rodata
 
 1'140 bytes of CONST memory
     8 bytes of DATA  memory

Errors: none
Warnings: none
