###############################################################################
#
# IAR ANSI C/C++ Compiler V8.40.2.214/W32 for ARM         04/May/2020  16:44:11
# Copyright 1999-2019 IAR Systems AB.
#
#    Cpu mode     =  
#    Endian       =  little
#    Source file  =
#        D:\kraizette\STD\VII-VIII\POIP\KURS\KURS\Kursovoy\Applications\Sensor\SensorDirector.cpp
#    Command line =
#        -f C:\Users\User\AppData\Local\Temp\EW2B29.tmp
#        (D:\kraizette\STD\VII-VIII\POIP\KURS\KURS\Kursovoy\Applications\Sensor\SensorDirector.cpp
#        -lC D:\kraizette\STD\VII-VIII\POIP\KURS\KURS\Kursovoy\Debug\List -lA
#        D:\kraizette\STD\VII-VIII\POIP\KURS\KURS\Kursovoy\Debug\List -o
#        D:\kraizette\STD\VII-VIII\POIP\KURS\KURS\Kursovoy\Debug\Obj --no_cse
#        --no_unroll --no_inline --no_code_motion --no_tbaa --no_clustering
#        --no_scheduling --debug --endian=little --cpu=Cortex-M4 -e
#        --fpu=VFPv4_sp --dlib_config "C:\Programs\IAR
#        Arm\arm\inc\c\DLib_Config_Normal.h" -I
#        D:\kraizette\STD\VII-VIII\POIP\KURS\KURS\Kursovoy\Rtos\ -I
#        D:\kraizette\STD\VII-VIII\POIP\KURS\KURS\Kursovoy\Rtos\wrapper\ -I
#        D:\kraizette\STD\VII-VIII\POIP\KURS\KURS\Kursovoy\Rtos\wrapper\FreeRtos\
#        -I D:\kraizette\STD\VII-VIII\POIP\KURS\KURS\Kursovoy\Rtos\FreeRtos\ -I
#        D:\kraizette\STD\VII-VIII\POIP\KURS\KURS\Kursovoy\Rtos\FreeRtos\include\
#        -I
#        D:\kraizette\STD\VII-VIII\POIP\KURS\KURS\Kursovoy\Rtos\FreeRtos\portable\
#        -I
#        D:\kraizette\STD\VII-VIII\POIP\KURS\KURS\Kursovoy\Rtos\FreeRtos\portable\Common\
#        -I
#        D:\kraizette\STD\VII-VIII\POIP\KURS\KURS\Kursovoy\Rtos\FreeRtos\portable\IAR\
#        -I
#        D:\kraizette\STD\VII-VIII\POIP\KURS\KURS\Kursovoy\Rtos\FreeRtos\portable\IAR\ARM_CM4F\
#        -I
#        D:\kraizette\STD\VII-VIII\POIP\KURS\KURS\Kursovoy\Rtos\FreeRtos\portable\MemMang\
#        -I D:\kraizette\STD\VII-VIII\POIP\KURS\KURS\Kursovoy\MyTasks\ -I
#        D:\kraizette\STD\VII-VIII\POIP\KURS\KURS\Kursovoy\Common\ -I
#        D:\kraizette\STD\VII-VIII\POIP\KURS\KURS\Kursovoy\CMSIS\ -I
#        D:\kraizette\STD\VII-VIII\POIP\KURS\KURS\Kursovoy\Application\ -I
#        D:\kraizette\STD\VII-VIII\POIP\KURS\KURS\Kursovoy\Application\Diagnostic\
#        -I D:\kraizette\STD\VII-VIII\POIP\KURS\KURS\Kursovoy\AHardware\ -I
#        D:\kraizette\STD\VII-VIII\POIP\KURS\KURS\Kursovoy\AHardware\GpioPort\
#        -I
#        D:\kraizette\STD\VII-VIII\POIP\KURS\KURS\Kursovoy\AHardware\IrqController\
#        -I
#        D:\kraizette\STD\VII-VIII\POIP\KURS\KURS\Kursovoy\..\CortexLib\AbstractHardware\Pin\
#        -I
#        D:\kraizette\STD\VII-VIII\POIP\KURS\KURS\Kursovoy\..\CortexLib\AbstractHardware\Registers\STM32F411\FieldValues\
#        -I
#        D:\kraizette\STD\VII-VIII\POIP\KURS\KURS\Kursovoy\..\CortexLib\AbstractHardware\Registers\STM32F411\
#        -I
#        D:\kraizette\STD\VII-VIII\POIP\KURS\KURS\Kursovoy\..\CortexLib\AbstractHardware\Registers\
#        -I
#        D:\kraizette\STD\VII-VIII\POIP\KURS\KURS\Kursovoy\..\CortexLib\AbstractHardware\Port\
#        -I
#        D:\kraizette\STD\VII-VIII\POIP\KURS\KURS\Kursovoy\..\CortexLib\AbstractHardware\Atomic\
#        -I
#        D:\kraizette\STD\VII-VIII\POIP\KURS\KURS\Kursovoy\..\CortexLib\Common\
#        -I
#        D:\kraizette\STD\VII-VIII\POIP\KURS\KURS\Kursovoy\..\CortexLib\Common\Singleton\
#        -I D:\kraizette\STD\VII-VIII\POIP\KURS\KURS\Kursovoy\AbstractHardware\
#        -I
#        D:\kraizette\STD\VII-VIII\POIP\KURS\KURS\Kursovoy\AbstractHardware\SPI\
#        -I
#        D:\kraizette\STD\VII-VIII\POIP\KURS\KURS\Kursovoy\AbstractHardware\Pin\
#        -I
#        D:\kraizette\STD\VII-VIII\POIP\KURS\KURS\Kursovoy\AbstractHardware\USART\
#        -I D:\kraizette\STD\VII-VIII\POIP\KURS\KURS\Kursovoy\Applications\ -I
#        D:\kraizette\STD\VII-VIII\POIP\KURS\KURS\Kursovoy\Applications\Button\
#        -I
#        D:\kraizette\STD\VII-VIII\POIP\KURS\KURS\Kursovoy\Applications\Sensor\
#        -I
#        D:\kraizette\STD\VII-VIII\POIP\KURS\KURS\Kursovoy\Applications\Sensor\Driver\
#        -I
#        D:\kraizette\STD\VII-VIII\POIP\KURS\KURS\Kursovoy\Applications\Sensor\Variables\
#        -I
#        D:\kraizette\STD\VII-VIII\POIP\KURS\KURS\Kursovoy\Applications\Output\
#        -I
#        D:\kraizette\STD\VII-VIII\POIP\KURS\KURS\Kursovoy\Applications\Output\Display\
#        -I
#        D:\kraizette\STD\VII-VIII\POIP\KURS\KURS\Kursovoy\Applications\Output\Display\Driver\
#        -I
#        D:\kraizette\STD\VII-VIII\POIP\KURS\KURS\Kursovoy\Applications\Output\Format\
#        -Ol --c++ --no_exceptions --no_rtti)
#    Locale       =  C
#    List file    =
#        D:\kraizette\STD\VII-VIII\POIP\KURS\KURS\Kursovoy\Debug\List\SensorDirector.lst
#    Object file  =
#        D:\kraizette\STD\VII-VIII\POIP\KURS\KURS\Kursovoy\Debug\Obj\SensorDirector.o
#
###############################################################################

D:\kraizette\STD\VII-VIII\POIP\KURS\KURS\Kursovoy\Applications\Sensor\SensorDirector.cpp
      1          //SensorDirector.cpp
      2          
      3          #include "SensorDirector.hpp" 

   \                                 In section .text, align 2
   \   __interwork __vfp SusuStringView &std::forward<SusuStringView &>(SusuStringView &)
   \                     _ZSt7forwardIR14SusuStringViewEOT_RNSt16remove_referenceIS2_E4typeE: (+1)
   \        0x0   0x4770             BX       LR               ;; return

   \                                 In section .text, align 2
   \   __interwork __vfp float &std::forward<float &>(float &)
   \                     _ZSt7forwardIRfEOT_RNSt16remove_referenceIS1_E4typeE: (+1)
   \        0x0   0x4770             BX       LR               ;; return

   \                                 In section .text, align 2
   \   __code __interwork __vfp std::pair<SusuStringView, float>::pair<SusuStringView &, float &, void>(SusuStringView &, float &)
   \                     _ZNSt4pairI14SusuStringViewfEC1IRS0_RfvEEOT_OT0_: (+1)
   \        0x0   0xB538             PUSH     {R3-R5,LR}
   \        0x2   0x0004             MOVS     R4,R0
   \        0x4   0x0008             MOVS     R0,R1
   \        0x6   0x0015             MOVS     R5,R2
   \        0x8   0x....'....        BL       _ZSt7forwardIR14SusuStringViewEOT_RNSt16remove_referenceIS2_E4typeE
   \        0xC   0xE9D0 0x2300      LDRD     R2,R3,[R0, #+0]
   \       0x10   0xE9C4 0x2300      STRD     R2,R3,[R4, #+0]
   \       0x14   0x0028             MOVS     R0,R5
   \       0x16   0x....'....        BL       _ZSt7forwardIRfEOT_RNSt16remove_referenceIS1_E4typeE
   \       0x1A   0x6800             LDR      R0,[R0, #+0]
   \       0x1C   0x60A0             STR      R0,[R4, #+8]
   \       0x1E   0x0020             MOVS     R0,R4
   \       0x20   0xBD32             POP      {R1,R4,R5,PC}    ;; return

   \                                 In section .text, align 2
   \   __interwork __vfp std::pair<SusuStringView, float> std::make_pair<SusuStringView &, float &>(SusuStringView &, float &)
   \                     _ZSt9make_pairIR14SusuStringViewRfESt4pairINSt10_UnrefwrapIT_E4typeENS4_IT0_E4typeEEOS5_OS8_: (+1)
   \        0x0   0xB57F             PUSH     {R0-R6,LR}
   \        0x2   0x0004             MOVS     R4,R0
   \        0x4   0x000D             MOVS     R5,R1
   \        0x6   0x0010             MOVS     R0,R2
   \        0x8   0x....'....        BL       _ZSt7forwardIRfEOT_RNSt16remove_referenceIS1_E4typeE
   \        0xC   0x0006             MOVS     R6,R0
   \        0xE   0x0028             MOVS     R0,R5
   \       0x10   0x....'....        BL       _ZSt7forwardIR14SusuStringViewEOT_RNSt16remove_referenceIS2_E4typeE
   \       0x14   0x0032             MOVS     R2,R6
   \       0x16   0x0001             MOVS     R1,R0
   \       0x18   0x4668             MOV      R0,SP
   \       0x1A   0x....'....        BL       _ZNSt4pairI14SusuStringViewfEC1IRS0_RfvEEOT_OT0_
   \       0x1E   0xE890 0x000E      LDM      R0,{R1-R3}
   \       0x22   0xE884 0x000E      STM      R4,{R1-R3}
   \       0x26   0xBD7F             POP      {R0-R6,PC}       ;; return

   \                                 In section .rodata, align 1
   \   __absolute bool const std::chrono::system_clock::is_steady
   \                     _ZNSt6chrono12system_clock9is_steadyE:
   \        0x0   0x00               DC8 0

   \                                 In section .rodata, align 1
   \   __absolute bool const std::chrono::system_clock::is_monotonic
   \                     _ZNSt6chrono12system_clock12is_monotonicE:
   \        0x0   0x00               DC8 0

   \                                 In section .rodata, align 1
   \   __absolute bool const std::chrono::steady_clock::is_steady
   \                     _ZNSt6chrono12steady_clock9is_steadyE:
   \        0x0   0x01               DC8 1

   \                                 In section .text, align 4
   \   __interwork __vfp std::pair<SusuStringView, float> Kelvin::GetTemperature(float) const
   \                     _ZNK6Kelvin14GetTemperatureEf: (+1)
   \        0x0   0xB51F             PUSH     {R0-R4,LR}
   \        0x2   0x0004             MOVS     R4,R0
   \        0x4   0xEE10 0x0A10      VMOV     R0,S0
   \        0x8   0x....'....        BL       __aeabi_f2d
   \        0xC   0xF05F 0x3266      MOVS     R2,#+1717986918
   \       0x10   0x4B08             LDR.N    R3,??GetTemperature_0  ;; 0x40711266
   \       0x12   0x....'....        BL       __aeabi_dadd
   \       0x16   0x....'....        BL       __aeabi_d2f
   \       0x1A   0x9000             STR      R0,[SP, #+0]
   \       0x1C   0x4806             LDR.N    R0,??GetTemperature_0+0x4
   \       0x1E   0xE9D0 0x2300      LDRD     R2,R3,[R0, #+0]
   \       0x22   0xE9CD 0x2301      STRD     R2,R3,[SP, #+4]
   \       0x26   0x466A             MOV      R2,SP
   \       0x28   0xA901             ADD      R1,SP,#+4
   \       0x2A   0x0020             MOVS     R0,R4
   \       0x2C   0x....'....        BL       _ZSt9make_pairIR14SusuStringViewRfESt4pairINSt10_UnrefwrapIT_E4typeENS4_IT0_E4typeEEOS5_OS8_
   \       0x30   0xBD1F             POP      {R0-R4,PC}       ;; return
   \       0x32   0xBF00             Nop      
   \                     ??GetTemperature_0:
   \       0x34   0x4071'1266        DC32     0x40711266
   \       0x38   0x....'....        DC32     ?_1

   \                                 In section .text, align 4
   \   __interwork __vfp std::pair<SusuStringView, float> Fahrenheit::GetTemperature(float) const
   \                     _ZNK10Fahrenheit14GetTemperatureEf: (+1)
   \        0x0   0xB5E0             PUSH     {R5-R7,LR}
   \        0x2   0xEEF2 0x0A02      VMOV.F32 S1,#9.0
   \        0x6   0xEE20 0x0A20      VMUL.F32 S0,S0,S1
   \        0xA   0xEEF1 0x0A04      VMOV.F32 S1,#5.0
   \        0xE   0xEE80 0x0A20      VDIV.F32 S0,S0,S1
   \       0x12   0xEDDF 0x0A08      VLDR.W   S1,??GetTemperature_1  ;; 0x42000000
   \       0x16   0xEE30 0x0A20      VADD.F32 S0,S0,S1
   \       0x1A   0xED8D 0x0A00      VSTR     S0,[SP, #+0]
   \       0x1E   0x4906             LDR.N    R1,??GetTemperature_1+0x4
   \       0x20   0xE9D1 0x2300      LDRD     R2,R3,[R1, #+0]
   \       0x24   0xE9CD 0x2301      STRD     R2,R3,[SP, #+4]
   \       0x28   0x466A             MOV      R2,SP
   \       0x2A   0xA901             ADD      R1,SP,#+4
   \       0x2C   0x....'....        BL       _ZSt9make_pairIR14SusuStringViewRfESt4pairINSt10_UnrefwrapIT_E4typeENS4_IT0_E4typeEEOS5_OS8_
   \       0x30   0xBD07             POP      {R0-R2,PC}       ;; return
   \       0x32   0xBF00             Nop      
   \                     ??GetTemperature_1:
   \       0x34   0x4200'0000        DC32     0x42000000
   \       0x38   0x....'....        DC32     ?_3

   \                                 In section .text, align 4
   \   __interwork __vfp std::pair<SusuStringView, float> Celsius::GetTemperature(float) const
   \                     _ZNK7Celsius14GetTemperatureEf: (+1)
   \        0x0   0xB5E0             PUSH     {R5-R7,LR}
   \        0x2   0xED8D 0x0A00      VSTR     S0,[SP, #+0]
   \        0x6   0x4905             LDR.N    R1,??GetTemperature_2
   \        0x8   0xE9D1 0x2300      LDRD     R2,R3,[R1, #+0]
   \        0xC   0xE9CD 0x2301      STRD     R2,R3,[SP, #+4]
   \       0x10   0x466A             MOV      R2,SP
   \       0x12   0xA901             ADD      R1,SP,#+4
   \       0x14   0x....'....        BL       _ZSt9make_pairIR14SusuStringViewRfESt4pairINSt10_UnrefwrapIT_E4typeENS4_IT0_E4typeEEOS5_OS8_
   \       0x18   0xBD07             POP      {R0-R2,PC}       ;; return
   \       0x1A   0xBF00             Nop      
   \                     ??GetTemperature_2:
   \       0x1C   0x....'....        DC32     ?_5

   \                                 In section .text, align 2
   \   __interwork __vfp void Temperature<SensorDirector::fahrenheit, SensorDirector::kelvin, SensorDirector::celsius>::SetNextUnits()
   \                     _ZN11TemperatureIJL_ZN14SensorDirector10fahrenheitEEL_ZNS0_6kelvinEEL_ZNS0_7celsiusEEEE12SetNextUnitsEv: (+1)
   \        0x0   0x6901             LDR      R1,[R0, #+16]
   \        0x2   0x2903             CMP      R1,#+3
   \        0x4   0xD203             BCS.N    ??SetNextUnits_0
   \        0x6   0x6901             LDR      R1,[R0, #+16]
   \        0x8   0x1C4A             ADDS     R2,R1,#+1
   \        0xA   0x6102             STR      R2,[R0, #+16]
   \        0xC   0xE002             B.N      ??SetNextUnits_1
   \                     ??SetNextUnits_0: (+1)
   \        0xE   0x2100             MOVS     R1,#+0
   \       0x10   0x6101             STR      R1,[R0, #+16]
   \       0x12   0x6900             LDR      R0,[R0, #+16]
   \                     ??SetNextUnits_1: (+1)
   \       0x14   0x4770             BX       LR               ;; return

   \                                 In section .rodata, align 4
   \   __absolute Fahrenheit const SensorDirector::fahrenheit
   \                     _ZN14SensorDirector10fahrenheitE:
   \        0x0   0x....'....        DC32 _ZTV10Fahrenheit + 0x8

   \                                 In section .rodata, align 4
   \   __absolute Kelvin const SensorDirector::kelvin
   \                     _ZN14SensorDirector6kelvinE:
   \        0x0   0x....'....        DC32 _ZTV6Kelvin + 0x8

   \                                 In section .rodata, align 4
   \   __absolute Celsius const SensorDirector::celsius
   \                     _ZN14SensorDirector7celsiusE:
   \        0x0   0x....'....        DC32 _ZTV7Celsius + 0x8
      4          #include <iostream>
      5          #include "Temperature.hpp"
      6          

   \                                 In section .text, align 2, keep-with-next
      7          void SensorDirector::Execute() {
      8          }
   \                     _ZN14SensorDirector7ExecuteEv: (+1)
   \        0x0   0x4770             BX       LR               ;; return
      9          

   \                                 In section .text, align 2, keep-with-next
     10          void SensorDirector::HandleButtonPushed() {
   \                     _ZN14SensorDirector18HandleButtonPushedEv: (+1)
   \        0x0   0xB580             PUSH     {R7,LR}
     11            temperature.SetNextUnits();
   \        0x2   0xF510 0x7018      ADDS     R0,R0,#+608
   \        0x6   0x....'....        BL       _ZN11TemperatureIJL_ZN14SensorDirector10fahrenheitEEL_ZNS0_6kelvinEEL_ZNS0_7celsiusEEEE12SetNextUnitsEv
     12          }
   \        0xA   0xBD01             POP      {R0,PC}          ;; return

   \                                 In section .text, align 2, keep-with-next
   \   __interwork __vfp void SensorDirector::HandleButtonPushed for ISubscriber/-604/()
   \                     _ZThn604_N14SensorDirector18HandleButtonPushedEv: (+1)
   \        0x0   0xF5B0 0x7017      SUBS     R0,R0,#+604
   \        0x4                      REQUIRE _ZN14SensorDirector18HandleButtonPushedEv
   \        0x4                      ;; // Fall through to label SensorDirector::HandleButtonPushed()

   \                                 In section .rodata, align 2
   \                     ?_0:
   \        0x0   0x4B 0x00          DC8 "K"

   \                                 In section .rodata, align 4
   \                     ?_1:
   \        0x0   0x....'....        DC32 ?_0, 1
   \              0x0000'0001  

   \                                 In section .rodata, align 2
   \                     ?_2:
   \        0x0   0x46 0x00          DC8 "F"

   \                                 In section .rodata, align 4
   \                     ?_3:
   \        0x0   0x....'....        DC32 ?_2, 1
   \              0x0000'0001  

   \                                 In section .rodata, align 2
   \                     ?_4:
   \        0x0   0x43 0x00          DC8 "C"

   \                                 In section .rodata, align 4
   \                     ?_5:
   \        0x0   0x....'....        DC32 ?_4, 1
   \              0x0000'0001  

   Maximum stack usage in bytes:

   .cstack Function
   ------- --------
      16   Celsius::GetTemperature(float) const
        16   -> std::make_pair<SusuStringView &, float &>(SusuStringView &, float &)
      16   Fahrenheit::GetTemperature(float) const
        16   -> std::make_pair<SusuStringView &, float &>(SusuStringView &, float &)
      24   Kelvin::GetTemperature(float) const
        24   -> __aeabi_d2f
        24   -> __aeabi_dadd
        24   -> __aeabi_f2d
        24   -> std::make_pair<SusuStringView &, float &>(SusuStringView &, float &)
       0   SensorDirector::Execute()
       0   SensorDirector::HandleButtonPushed for ISubscriber/-604/()
         0   -> SensorDirector::HandleButtonPushed()
       8   SensorDirector::HandleButtonPushed()
         8   -> Temperature<SensorDirector::fahrenheit, SensorDirector::kelvin, SensorDirector::celsius>::SetNextUnits()
       0   Temperature<SensorDirector::fahrenheit, SensorDirector::kelvin, SensorDirector::celsius>::SetNextUnits()
       0   std::forward<SusuStringView &>(SusuStringView &)
       0   std::forward<float &>(float &)
      32   std::make_pair<SusuStringView &, float &>(SusuStringView &, float &)
        32   -> std::forward<SusuStringView &>(SusuStringView &)
        32   -> std::forward<float &>(float &)
        32   -> std::pair<SusuStringView, float>::pair<SusuStringView &, float &, void>(SusuStringView &, float &)
      16   std::pair<SusuStringView, float>::pair<SusuStringView &, float &, void>(SusuStringView &, float &)
        16   -> std::forward<SusuStringView &>(SusuStringView &)
        16   -> std::forward<float &>(float &)


   Section sizes:

   Bytes  Function/Label
   -----  --------------
       2  ?_0
       8  ?_1
       2  ?_2
       8  ?_3
       2  ?_4
       8  ?_5
      32  Celsius::GetTemperature(float) const
      60  Fahrenheit::GetTemperature(float) const
      60  Kelvin::GetTemperature(float) const
       2  SensorDirector::Execute()
       4  SensorDirector::HandleButtonPushed for ISubscriber/-604/()
      12  SensorDirector::HandleButtonPushed()
       4  SensorDirector::celsius
       4  SensorDirector::fahrenheit
       4  SensorDirector::kelvin
      22  Temperature<SensorDirector::fahrenheit, SensorDirector::kelvin, SensorDirector::celsius>::SetNextUnits()
       1  std::chrono::steady_clock::is_steady
       1  std::chrono::system_clock::is_monotonic
       1  std::chrono::system_clock::is_steady
       2  std::forward<SusuStringView &>(SusuStringView &)
       2  std::forward<float &>(float &)
      40  std::make_pair<SusuStringView &, float &>(SusuStringView &, float &)
      34  std::pair<SusuStringView, float>::pair<SusuStringView &, float &, void>(SusuStringView &, float &)
     344  -- Other

 
 389 bytes in section .rodata
 270 bytes in section .text
 
 18 bytes of CODE  memory (+ 252 bytes shared)
 30 bytes of CONST memory (+ 359 bytes shared)

Errors: none
Warnings: none
